Component: ARM Compiler 5.06 update 4 (build 422) Tool: armlink [4d35d2]

==============================================================================

Section Cross References

    startup_stm32f407xx.o(STACK) refers (Special) to heapauxi.o(.text) for __use_two_region_memory
    startup_stm32f407xx.o(HEAP) refers (Special) to heapauxi.o(.text) for __use_two_region_memory
    startup_stm32f407xx.o(RESET) refers (Special) to heapauxi.o(.text) for __use_two_region_memory
    startup_stm32f407xx.o(RESET) refers to startup_stm32f407xx.o(STACK) for __initial_sp
    startup_stm32f407xx.o(RESET) refers to startup_stm32f407xx.o(.text) for Reset_Handler
    startup_stm32f407xx.o(RESET) refers to stm32f4xx_it.o(i.NMI_Handler) for NMI_Handler
    startup_stm32f407xx.o(RESET) refers to stm32f4xx_it.o(i.HardFault_Handler) for HardFault_Handler
    startup_stm32f407xx.o(RESET) refers to stm32f4xx_it.o(i.MemManage_Handler) for MemManage_Handler
    startup_stm32f407xx.o(RESET) refers to stm32f4xx_it.o(i.BusFault_Handler) for BusFault_Handler
    startup_stm32f407xx.o(RESET) refers to stm32f4xx_it.o(i.UsageFault_Handler) for UsageFault_Handler
    startup_stm32f407xx.o(RESET) refers to stm32f4xx_it.o(i.SVC_Handler) for SVC_Handler
    startup_stm32f407xx.o(RESET) refers to stm32f4xx_it.o(i.DebugMon_Handler) for DebugMon_Handler
    startup_stm32f407xx.o(RESET) refers to stm32f4xx_it.o(i.PendSV_Handler) for PendSV_Handler
    startup_stm32f407xx.o(RESET) refers to stm32f4xx_it.o(i.SysTick_Handler) for SysTick_Handler
    startup_stm32f407xx.o(RESET) refers to stm32f4xx_it.o(i.USART1_IRQHandler) for USART1_IRQHandler
    startup_stm32f407xx.o(RESET) refers to stm32f4xx_it.o(i.USART3_IRQHandler) for USART3_IRQHandler
    startup_stm32f407xx.o(RESET) refers to stm32f4xx_it.o(i.TIM7_IRQHandler) for TIM7_IRQHandler
    startup_stm32f407xx.o(RESET) refers to stm32f4xx_it.o(i.DMA2_Stream2_IRQHandler) for DMA2_Stream2_IRQHandler
    startup_stm32f407xx.o(RESET) refers to stm32f4xx_it.o(i.DMA2_Stream7_IRQHandler) for DMA2_Stream7_IRQHandler
    startup_stm32f407xx.o(.text) refers (Special) to heapauxi.o(.text) for __use_two_region_memory
    startup_stm32f407xx.o(.text) refers to system_stm32f4xx.o(i.SystemInit) for SystemInit
    startup_stm32f407xx.o(.text) refers to __main.o(!!!main) for __main
    startup_stm32f407xx.o(.text) refers to startup_stm32f407xx.o(HEAP) for Heap_Mem
    startup_stm32f407xx.o(.text) refers to startup_stm32f407xx.o(STACK) for Stack_Mem
    communication.o(i.Communication_Init) refers to usart.o(.bss) for huart1
    communication.o(i.Communication_Jude_Mv) refers to communication.o(.data) for .data
    communication.o(i.Communication_Judge_Nano) refers to stm32f4xx_it.o(.data) for as
    communication.o(i.Communication_Judge_Nano) refers to communication.o(.data) for .data
    communication.o(i.Search_Room_Reset) refers to settlement.o(i.Settlement_Flag_Init2) for Settlement_Flag_Init2
    communication.o(i.Search_Room_Reset) refers to settlement.o(i.Settlement_Flag_Init3) for Settlement_Flag_Init3
    communication.o(i.Search_Room_Reset) refers to stm32f4xx_hal_gpio.o(i.HAL_GPIO_WritePin) for HAL_GPIO_WritePin
    communication.o(i.Search_Room_Reset) refers to joint.o(i.Joint_Normal) for Joint_Normal
    communication.o(i.Search_Room_Reset) refers to room_search.o(.data) for Room_Search_MODE
    communication.o(i.Search_Room_Reset) refers to tracking.o(.data) for Rx_Flag_Reset2
    communication.o(i.Search_Room_Reset) refers to settlement.o(.data) for Display_Settlement_time2
    communication.o(i.Search_Room_Reset) refers to joint.o(.data) for Joint_time
    encoder.o(i.Encoder_Init) refers to stm32f4xx_hal_tim.o(i.HAL_TIM_Encoder_Start) for HAL_TIM_Encoder_Start
    encoder.o(i.Encoder_Init) refers to tim.o(.bss) for htim1
    encoder.o(i.Encoder_Sum_Zero) refers to encoder.o(.bss) for .bss
    encoder.o(i.Encoder_Zero) refers to tim.o(.bss) for htim1
    encoder.o(i.Read_Encoder_Speed) refers to tim.o(.bss) for htim1
    encoder.o(i.Read_Encoder_Speed) refers to chassis.o(.bss) for MotoData
    encoder.o(i.Read_Encoder_Sum) refers to tim.o(.bss) for htim1
    encoder.o(i.Read_Encoder_Sum) refers to chassis.o(.bss) for MotoData
    encoder.o(i.Read_Encoder_Sum) refers to encoder.o(.bss) for .bss
    tracking.o(i.Read_GPIO) refers to stm32f4xx_hal_gpio.o(i.HAL_GPIO_ReadPin) for HAL_GPIO_ReadPin
    tracking.o(i.Read_GPIO) refers to tracking.o(.bss) for .bss
    tracking.o(i.Tracking_Move) refers to chassis.o(i.Car_Forward) for Car_Forward
    tracking.o(i.Tracking_Move) refers to chassis.o(i.Car_Turn) for Car_Turn
    tracking.o(i.Tracking_Move) refers to tracking.o(.bss) for .bss
    tracking.o(i.Tracking_Switch_Mode) refers to stm32f4xx_hal_uart.o(i.HAL_UART_Transmit) for HAL_UART_Transmit
    tracking.o(i.Tracking_Switch_Mode) refers to tracking.o(.bss) for .bss
    tracking.o(i.Tracking_Switch_Mode) refers to tracking.o(.data) for .data
[...]
    i.HAL_RCC_ClockConfig                    0x080015bc   Section        0  stm32f4xx_hal_rcc.o(i.HAL_RCC_ClockConfig)
    i.HAL_RCC_GetPCLK1Freq                   0x080016f0   Section        0  stm32f4xx_hal_rcc.o(i.HAL_RCC_GetPCLK1Freq)
    i.HAL_RCC_GetPCLK2Freq                   0x08001710   Section        0  stm32f4xx_hal_rcc.o(i.HAL_RCC_GetPCLK2Freq)
    i.HAL_RCC_GetSysClockFreq                0x08001730   Section        0  stm32f4xx_hal_rcc.o(i.HAL_RCC_GetSysClockFreq)
    i.HAL_RCC_OscConfig                      0x08001794   Section        0  stm32f4xx_hal_rcc.o(i.HAL_RCC_OscConfig)
    i.HAL_SYSTICK_Config                     0x08001b00   Section        0  stm32f4xx_hal_cortex.o(i.HAL_SYSTICK_Config)
    i.HAL_TIMEx_BreakCallback                0x08001b28   Section        0  stm32f4xx_hal_tim_ex.o(i.HAL_TIMEx_BreakCallback)
    i.HAL_TIMEx_CommutCallback               0x08001b2a   Section        0  stm32f4xx_hal_tim_ex.o(i.HAL_TIMEx_CommutCallback)
    i.HAL_TIMEx_ConfigBreakDeadTime          0x08001b2c   Section        0  stm32f4xx_hal_tim_ex.o(i.HAL_TIMEx_ConfigBreakDeadTime)
    i.HAL_TIMEx_MasterConfigSynchronization  0x08001b80   Section        0  stm32f4xx_hal_tim_ex.o(i.HAL_TIMEx_MasterConfigSynchronization)
    i.HAL_TIM_Base_Init                      0x08001c10   Section        0  stm32f4xx_hal_tim.o(i.HAL_TIM_Base_Init)
    i.HAL_TIM_Base_MspInit                   0x08001c6c   Section        0  tim.o(i.HAL_TIM_Base_MspInit)
    i.HAL_TIM_Base_Start_IT                  0x08001cc4   Section        0  stm32f4xx_hal_tim.o(i.HAL_TIM_Base_Start_IT)
    i.HAL_TIM_ConfigClockSource              0x08001d44   Section        0  stm32f4xx_hal_tim.o(i.HAL_TIM_ConfigClockSource)
    i.HAL_TIM_Encoder_Init                   0x08001e20   Section        0  stm32f4xx_hal_tim.o(i.HAL_TIM_Encoder_Init)
    i.HAL_TIM_Encoder_MspInit                0x08001ec4   Section        0  tim.o(i.HAL_TIM_Encoder_MspInit)
    i.HAL_TIM_Encoder_Start                  0x0800200c   Section        0  stm32f4xx_hal_tim.o(i.HAL_TIM_Encoder_Start)
    i.HAL_TIM_IC_CaptureCallback             0x0800209a   Section        0  stm32f4xx_hal_tim.o(i.HAL_TIM_IC_CaptureCallback)
    i.HAL_TIM_IRQHandler                     0x0800209c   Section        0  stm32f4xx_hal_tim.o(i.HAL_TIM_IRQHandler)
    i.HAL_TIM_MspPostInit                    0x08002204   Section        0  tim.o(i.HAL_TIM_MspPostInit)
    i.HAL_TIM_OC_DelayElapsedCallback        0x080022b8   Section        0  stm32f4xx_hal_tim.o(i.HAL_TIM_OC_DelayElapsedCallback)
    i.HAL_TIM_PWM_ConfigChannel              0x080022ba   Section        0  stm32f4xx_hal_tim.o(i.HAL_TIM_PWM_ConfigChannel)
    i.HAL_TIM_PWM_Init                       0x08002386   Section        0  stm32f4xx_hal_tim.o(i.HAL_TIM_PWM_Init)
    i.HAL_TIM_PWM_MspInit                    0x080023e0   Section        0  tim.o(i.HAL_TIM_PWM_MspInit)
    i.HAL_TIM_PWM_PulseFinishedCallback      0x08002424   Section        0  stm32f4xx_hal_tim.o(i.HAL_TIM_PWM_PulseFinishedCallback)
    i.HAL_TIM_PWM_Start                      0x08002428   Section        0  stm32f4xx_hal_tim.o(i.HAL_TIM_PWM_Start)
    i.HAL_TIM_PeriodElapsedCallback          0x080024f0   Section        0  stm32f4xx_hal_tim.o(i.HAL_TIM_PeriodElapsedCallback)
    i.HAL_TIM_TriggerCallback                0x080024f2   Section        0  stm32f4xx_hal_tim.o(i.HAL_TIM_TriggerCallback)
    i.HAL_UARTEx_RxEventCallback             0x080024f4   Section        0  stm32f4xx_hal_uart.o(i.HAL_UARTEx_RxEventCallback)
    i.HAL_UART_ErrorCallback                 0x080024f6   Section        0  stm32f4xx_hal_uart.o(i.HAL_UART_ErrorCallback)
    i.HAL_UART_IRQHandler                    0x080024f8   Section        0  stm32f4xx_hal_uart.o(i.HAL_UART_IRQHandler)
    i.HAL_UART_Init                          0x08002760   Section        0  stm32f4xx_hal_uart.o(i.HAL_UART_Init)
    i.HAL_UART_MspInit                       0x080027c4   Section        0  usart.o(i.HAL_UART_MspInit)
    i.HAL_UART_Receive_IT                    0x08002900   Section        0  stm32f4xx_hal_uart.o(i.HAL_UART_Receive_IT)
    i.HAL_UART_RxCpltCallback                0x0800292c   Section        0  main.o(i.HAL_UART_RxCpltCallback)
    i.HAL_UART_Transmit                      0x0800297c   Section        0  stm32f4xx_hal_uart.o(i.HAL_UART_Transmit)
    i.HAL_UART_TxCpltCallback                0x08002a2e   Section        0  stm32f4xx_hal_uart.o(i.HAL_UART_TxCpltCallback)
    i.HardFault_Handler                      0x08002a30   Section        0  stm32f4xx_it.o(i.HardFault_Handler)
    i.Joint_Clamping                         0x08002a34   Section        0  joint.o(i.Joint_Clamping)
    i.Joint_Init                             0x08002b1c   Section        0  joint.o(i.Joint_Init)
    i.Joint_Move                             0x08002b5c   Section        0  joint.o(i.Joint_Move)
    i.Joint_Normal                           0x08002b84   Section        0  joint.o(i.Joint_Normal)
    i.Joint_Switch_Mode                      0x08002ba0   Section        0  joint.o(i.Joint_Switch_Mode)
    i.Joint_Time_Sum                         0x08002bd4   Section        0  joint.o(i.Joint_Time_Sum)
    i.Joint_time_Init                        0x08002c14   Section        0  joint.o(i.Joint_time_Init)
    i.MX_DMA_Init                            0x08002c34   Section        0  dma.o(i.MX_DMA_Init)
    i.MX_GPIO_Init                           0x08002c70   Section        0  gpio.o(i.MX_GPIO_Init)
    i.MX_TIM1_Init                           0x08002d60   Section        0  tim.o(i.MX_TIM1_Init)
    i.MX_TIM2_Init                           0x08002dcc   Section        0  tim.o(i.MX_TIM2_Init)
    i.MX_TIM3_Init                           0x08002e34   Section        0  tim.o(i.MX_TIM3_Init)
    i.MX_TIM4_Init                           0x08002ea0   Section        0  tim.o(i.MX_TIM4_Init)
    i.MX_TIM5_Init                           0x08002f0c   Section        0  tim.o(i.MX_TIM5_Init)
    i.MX_TIM7_Init                           0x08002fac   Section        0  tim.o(i.MX_TIM7_Init)
    i.MX_TIM8_Init                           0x08002ff0   Section        0  tim.o(i.MX_TIM8_Init)
    i.MX_TIM9_Init                           0x080030c0   Section        0  tim.o(i.MX_TIM9_Init)
    i.MX_USART1_UART_Init                    0x08003154   Section        0  usart.o(i.MX_USART1_UART_Init)
    i.MX_USART3_UART_Init                    0x0800318c   Section        0  usart.o(i.MX_USART3_UART_Init)
    i.MemManage_Handler                      0x080031c4   Section        0  stm32f4xx_it.o(i.MemManage_Handler)
    i.Moto1_Draw_Back                        0x080031c8   Section        0  chassis.o(i.Moto1_Draw_Back)
    i.Moto1_Go_Forward                       0x080031f4   Section        0  chassis.o(i.Moto1_Go_Forward)
    i.Moto1_Speed_Output                     0x08003220   Section        0  chassis.o(i.Moto1_Speed_Output)
    i.Moto1_Stop                             0x08003234   Section        0  chassis.o(i.Moto1_Stop)
    i.Moto2_Draw_Back                        0x08003260   Section        0  chassis.o(i.Moto2_Draw_Back)
    i.Moto2_Go_Forward                       0x0800328c   Section        0  chassis.o(i.Moto2_Go_Forward)
    i.Moto2_Speed_Output                     0x080032b8   Section        0  chassis.o(i.Moto2_Speed_Output)
    i.Moto2_Stop                             0x080032cc   Section        0  chassis.o(i.Moto2_Stop)
    i.Moto3_Draw_Back                        0x080032f8   Section        0  chassis.o(i.Moto3_Draw_Back)
    i.Moto3_Go_Forward                       0x08003324   Section        0  chassis.o(i.Moto3_Go_Forward)
    i.Moto3_Speed_Output                     0x08003350   Section        0  chassis.o(i.Moto3_Speed_Output)
    i.Moto3_Stop                             0x08003364   Section        0  chassis.o(i.Moto3_Stop)
    i.Moto4_Draw_Back                        0x08003390   Section        0  chassis.o(i.Moto4_Draw_Back)
    i.Moto4_Go_Forward                       0x080033bc   Section        0  chassis.o(i.Moto4_Go_Forward)
    i.Moto4_Speed_Output                     0x080033e8   Section        0  chassis.o(i.Moto4_Speed_Output)
    i.Moto4_Stop                             0x080033fc   Section        0  chassis.o(i.Moto4_Stop)
    i.Move_Displacement1                     0x08003428   Section        0  settlement.o(i.Move_Displacement1)
    i.Move_Displacement2                     0x0800354c   Section        0  settlement.o(i.Move_Displacement2)
    i.NMI_Handler                            0x08003670   Section        0  stm32f4xx_it.o(i.NMI_Handler)
    i.PendSV_Handler                         0x08003672   Section        0  stm32f4xx_it.o(i.PendSV_Handler)
    i.Read_Encoder_Speed                     0x08003674   Section        0  encoder.o(i.Read_Encoder_Speed)
    i.Read_Encoder_Sum                       0x080036c0   Section        0  encoder.o(i.Read_Encoder_Sum)
    i.Read_GPIO                              0x0800375c   Section        0  tracking.o(i.Read_GPIO)
    i.Recycling_Line                         0x080037bc   Section        0  joint.o(i.Recycling_Line)
    i.Recycling_rubbish                      0x080037da   Section        0  joint.o(i.Recycling_rubbish)
    i.Room_Search_Mode1                      0x080037f8   Section        0  room_search.o(i.Room_Search_Mode1)
    i.Room_Search_Mode2                      0x080038bc   Section        0  room_search.o(i.Room_Search_Mode2)
    i.Room_Search_Mode_Judge                 0x080038d0   Section        0  room_search.o(i.Room_Search_Mode_Judge)
    i.SVC_Handler                            0x08003910   Section        0  stm32f4xx_it.o(i.SVC_Handler)
    i.Search_Room_Reset                      0x08003914   Section        0  communication.o(i.Search_Room_Reset)
    i.Settlement_Flag_Init                   0x0800397c   Section        0  settlement.o(i.Settlement_Flag_Init)
    i.Settlement_Flag_Init2                  0x08003990   Section        0  settlement.o(i.Settlement_Flag_Init2)
    i.Settlement_Flag_Init3                  0x080039a0   Section        0  settlement.o(i.Settlement_Flag_Init3)
    i.SysTick_Handler                        0x080039b4   Section        0  stm32f4xx_it.o(i.SysTick_Handler)
    i.SystemClock_Config                     0x080039b8   Section        0  main.o(i.SystemClock_Config)
    i.SystemInit                             0x08003a48   Section        0  system_stm32f4xx.o(i.SystemInit)
    i.TIM7_IRQHandler                        0x08003a58   Section        0  stm32f4xx_it.o(i.TIM7_IRQHandler)
    i.TIM_Base_SetConfig                     0x08003ac8   Section        0  stm32f4xx_hal_tim.o(i.TIM_Base_SetConfig)
    i.TIM_CCxChannelCmd                      0x08003b90   Section        0  stm32f4xx_hal_tim.o(i.TIM_CCxChannelCmd)
    i.TIM_ETR_SetConfig                      0x08003baa   Section        0  stm32f4xx_hal_tim.o(i.TIM_ETR_SetConfig)
    i.TIM_ITRx_SetConfig                     0x08003bbe   Section        0  stm32f4xx_hal_tim.o(i.TIM_ITRx_SetConfig)
    TIM_ITRx_SetConfig                       0x08003bbf   Thumb Code    16  stm32f4xx_hal_tim.o(i.TIM_ITRx_SetConfig)
    i.TIM_OC1_SetConfig                      0x08003bd0   Section        0  stm32f4xx_hal_tim.o(i.TIM_OC1_SetConfig)
    TIM_OC1_SetConfig                        0x08003bd1   Thumb Code    88  stm32f4xx_hal_tim.o(i.TIM_OC1_SetConfig)
    i.TIM_OC2_SetConfig                      0x08003c30   Section        0  stm32f4xx_hal_tim.o(i.TIM_OC2_SetConfig)
    i.TIM_OC3_SetConfig                      0x08003c9c   Section        0  stm32f4xx_hal_tim.o(i.TIM_OC3_SetConfig)
    TIM_OC3_SetConfig                        0x08003c9d   Thumb Code    96  stm32f4xx_hal_tim.o(i.TIM_OC3_SetConfig)
    i.TIM_OC4_SetConfig                      0x08003d04   Section        0  stm32f4xx_hal_tim.o(i.TIM_OC4_SetConfig)
    TIM_OC4_SetConfig                        0x08003d05   Thumb Code    70  stm32f4xx_hal_tim.o(i.TIM_OC4_SetConfig)
    i.TIM_TI1_ConfigInputStage               0x08003d54   Section        0  stm32f4xx_hal_tim.o(i.TIM_TI1_ConfigInputStage)
    TIM_TI1_ConfigInputStage                 0x08003d55   Thumb Code    34  stm32f4xx_hal_tim.o(i.TIM_TI1_ConfigInputStage)
    i.TIM_TI2_ConfigInputStage               0x08003d76   Section        0  stm32f4xx_hal_tim.o(i.TIM_TI2_ConfigInputStage)
    TIM_TI2_ConfigInputStage                 0x08003d77   Thumb Code    36  stm32f4xx_hal_tim.o(i.TIM_TI2_ConfigInputStage)
    i.Throw_rubbish                          0x08003d9a   Section        0  joint.o(i.Throw_rubbish)
    i.Tracking_Move                          0x08003db8   Section        0  tracking.o(i.Tracking_Move)
    i.Tracking_Switch_Mode                   0x08003e48   Section        0  tracking.o(i.Tracking_Switch_Mode)
    i.Tracking_Switch_Mode2                  0x08003ec8   Section        0  tracking.o(i.Tracking_Switch_Mode2)
    i.Tracking_Switch_Mode3                  0x08003f7c   Section        0  tracking.o(i.Tracking_Switch_Mode3)
    i.Turn_Back                              0x08003fd4   Section        0  joint.o(i.Turn_Back)
    i.Turn_Back_Displacement1                0x08004008   Section        0  settlement.o(i.Turn_Back_Displacement1)
    i.Turn_Back_Displacement2                0x08004100   Section        0  settlement.o(i.Turn_Back_Displacement2)
    i.Turn_Back_Displacement3                0x08004230   Section        0  settlement.o(i.Turn_Back_Displacement3)
    i.Turn_Back_Displacement4                0x08004354   Section        0  settlement.o(i.Turn_Back_Displacement4)
    i.Turn_Back_Mode1                        0x08004448   Section        0  room_search.o(i.Turn_Back_Mode1)
    i.Turn_Back_Mode2                        0x0800446e   Section        0  room_search.o(i.Turn_Back_Mode2)
    i.Turn_Back_Mode3                        0x08004480   Section        0  room_search.o(i.Turn_Back_Mode3)
    i.UART_DMAAbortOnError                   0x08004544   Section        0  stm32f4xx_hal_uart.o(i.UART_DMAAbortOnError)
    UART_DMAAbortOnError                     0x08004545   Thumb Code    16  stm32f4xx_hal_uart.o(i.UART_DMAAbortOnError)
    i.UART_EndRxTransfer                     0x08004554   Section        0  stm32f4xx_hal_uart.o(i.UART_EndRxTransfer)
    UART_EndRxTransfer                       0x08004555   Thumb Code    78  stm32f4xx_hal_uart.o(i.UART_EndRxTransfer)
    i.UART_Receive_IT                        0x080045a2   Section        0  stm32f4xx_hal_uart.o(i.UART_Receive_IT)
    UART_Receive_IT                          0x080045a3   Thumb Code   192  stm32f4xx_hal_uart.o(i.UART_Receive_IT)
    i.UART_SetConfig                         0x08004664   Section        0  stm32f4xx_hal_uart.o(i.UART_SetConfig)
    UART_SetConfig                           0x08004665   Thumb Code   258  stm32f4xx_hal_uart.o(i.UART_SetConfig)
    i.UART_Start_Receive_IT                  0x08004770   Section        0  stm32f4xx_hal_uart.o(i.UART_Start_Receive_IT)
    i.UART_WaitOnFlagUntilTimeout            0x080047a6   Section        0  stm32f4xx_hal_uart.o(i.UART_WaitOnFlagUntilTimeout)
    UART_WaitOnFlagUntilTimeout              0x080047a7   Thumb Code   120  stm32f4xx_hal_uart.o(i.UART_WaitOnFlagUntilTimeout)
    i.USART1_IRQHandler                      0x08004820   Section        0  stm32f4xx_it.o(i.USART1_IRQHandler)
    i.USART3_IRQHandler                      0x08004840   Section        0  stm32f4xx_it.o(i.USART3_IRQHandler)
    i.UsageFault_Handler                     0x08004860   Section        0  stm32f4xx_it.o(i.UsageFault_Handler)
    i.WZPid                                  0x08004862   Section        0  pid.o(i.WZPid)
    i.WZPid_Init                             0x080048f8   Section        0  pid.o(i.WZPid_Init)
    i.__NVIC_SetPriority                     0x08004906   Section        0  stm32f4xx_hal_cortex.o(i.__NVIC_SetPriority)
    __NVIC_SetPriority                       0x08004907   Thumb Code    32  stm32f4xx_hal_cortex.o(i.__NVIC_SetPriority)
    i.main                                   0x08004928   Section        0  main.o(i.main)
    x$fpl$fpinit                             0x080049bc   Section       10  fpinit.o(x$fpl$fpinit)
    $v0                                      0x080049bc   Number         0  fpinit.o(x$fpl$fpinit)
    .constdata                               0x080049c6   Section        8  stm32f4xx_hal_dma.o(.constdata)
    flagBitshiftOffset                       0x080049c6   Data           8  stm32f4xx_hal_dma.o(.constdata)
    .constdata                               0x080049ce   Section       16  system_stm32f4xx.o(.constdata)
    .constdata                               0x080049de   Section        8  system_stm32f4xx.o(.constdata)
    .data                                    0x20000000   Section        3  communication.o(.data)
    .data                                    0x20000003   Section        3  communication.o(.data)
    .data                                    0x20000006   Section        8  communication.o(.data)
    .data                                    0x20000010   Section       24  tracking.o(.data)
    .data                                    0x20000028   Section       58  settlement.o(.data)
    .data                                    0x20000064   Section        4  joint.o(.data)
    .data                                    0x20000068   Section        4  mode.o(.data)
    .data                                    0x2000006c   Section       12  room_search.o(.data)
    .data                                    0x20000078   Section        6  stm32f4xx_it.o(.data)
    .data                                    0x20000080   Section       12  stm32f4xx_hal.o(.data)
    .data                                    0x2000008c   Section        4  system_stm32f4xx.o(.data)
    .bss                                     0x20000090   Section       32  encoder.o(.bss)
    .bss                                     0x200000b0   Section       32  tracking.o(.bss)
    .bss                                     0x200000d0   Section       32  chassis.o(.bss)
    .bss                                     0x200000f0   Section       36  joint.o(.bss)
    .bss                                     0x20000114   Section      144  pid.o(.bss)
    .bss                                     0x200001a4   Section      576  tim.o(.bss)
    .bss                                     0x200003e4   Section      328  usart.o(.bss)
    .bss                                     0x2000052c   Section       96  libspace.o(.bss)
    HEAP                                     0x20000590   Section      512  startup_stm32f407xx.o(HEAP)
    Heap_Mem                                 0x20000590   Data         512  startup_stm32f407xx.o(HEAP)
    STACK                                    0x20000790   Section     1024  startup_stm32f407xx.o(STACK)
    Stack_Mem                                0x20000790   Data        1024  startup_stm32f407xx.o(STACK)
    __initial_sp                             0x20000b90   Data           0  startup_stm32f407xx.o(STACK)

    Global Symbols

    Symbol Name                              Value     Ov Type        Size  Object(Section)

    BuildAttributes$$THM_ISAv4$E$P$D$K$B$S$7EM$VFPi3$EXTD16$VFPS$VFMA$PE$A:L22UL41UL21$X:L11$S22US41US21$IEEE1$IW$USESV6$~STKCKD$USESV7$~SHL$OSPACE$ROPI$EBA8$UX$STANDARDLIB$REQ8$PRES8$EABIv2 0x00000000   Number         0  anon$$obj.o ABSOLUTE
    __ARM_use_no_argv                        0x00000000   Number         0  main.o ABSOLUTE
    __ARM_exceptions_init                     - Undefined Weak Reference
    __alloca_initialize                       - Undefined Weak Reference
    __arm_preinit_                            - Undefined Weak Reference
    __cpp_initialize__aeabi_                  - Undefined Weak Reference
    __cxa_finalize                            - Undefined Weak Reference
    __rt_locale                               - Undefined Weak Reference
    __sigvec_lookup                           - Undefined Weak Reference
    _atexit_init                              - Undefined Weak Reference
    _call_atexit_fns                          - Undefined Weak Reference
    _clock_init                               - Undefined Weak Reference
    _fp_trap_init                             - Undefined Weak Reference
    _fp_trap_shutdown                         - Undefined Weak Reference
    _get_lc_collate                           - Undefined Weak Reference
    _get_lc_ctype                             - Undefined Weak Reference
    _get_lc_monetary                          - Undefined Weak Reference
    _get_lc_numeric                           - Undefined Weak Reference
    _get_lc_time                              - Undefined Weak Reference
    _getenv_init                              - Undefined Weak Reference
    _handle_redirection                       - Undefined Weak Reference
    _init_alloc                               - Undefined Weak Reference
    _init_user_alloc                          - Undefined Weak Reference
    _initio                                   - Undefined Weak Reference
    _rand_init                                - Undefined Weak Reference
    _signal_finish                            - Undefined Weak Reference
    _signal_init                              - Undefined Weak Reference
    _terminate_alloc                          - Undefined Weak Reference
    _terminate_user_alloc                     - Undefined Weak Reference
    _terminateio                              - Undefined Weak Reference
    __Vectors_Size                           0x00000188   Number         0  startup_stm32f407xx.o ABSOLUTE
    __Vectors                                0x08000000   Data           4  startup_stm32f407xx.o(RESET)
    __Vectors_End                            0x08000188   Data           0  startup_stm32f407xx.o(RESET)
    __main                                   0x08000189   Thumb Code     8  __main.o(!!!main)
    __scatterload                            0x08000191   Thumb Code     0  __scatter.o(!!!scatter)
    __scatterload_rt2                        0x08000191   Thumb Code    44  __scatter.o(!!!scatter)
    __scatterload_rt2_thumb_only             0x08000191   Thumb Code     0  __scatter.o(!!!scatter)
    __scatterload_null                       0x0800019f   Thumb Code     0  __scatter.o(!!!scatter)
    __scatterload_copy                       0x080001c5   Thumb Code    26  __scatter_copy.o(!!handler_copy)
    __scatterload_zeroinit                   0x080001e1   Thumb Code    28  __scatter_zi.o(!!handler_zi)
    __rt_lib_init                            0x080001fd   Thumb Code     0  libinit.o(.ARM.Collect$$libinit$$00000000)
    __rt_lib_init_fp_1                       0x080001ff   Thumb Code     0  libinit2.o(.ARM.Collect$$libinit$$00000001)
    __rt_lib_init_alloca_1                   0x08000203   Thumb Code     0  libinit2.o(.ARM.Collect$$libinit$$0000002E)
    __rt_lib_init_argv_1                     0x08000203   Thumb Code     0  libinit2.o(.ARM.Collect$$libinit$$0000002C)
    __rt_lib_init_atexit_1                   0x08000203   Thumb Code     0  libinit2.o(.ARM.Collect$$libinit$$0000001B)
    __rt_lib_init_clock_1                    0x08000203   Thumb Code     0  libinit2.o(.ARM.Collect$$libinit$$00000021)
    __rt_lib_init_cpp_1                      0x08000203   Thumb Code     0  libinit2.o(.ARM.Collect$$libinit$$00000032)
    __rt_lib_init_exceptions_1               0x08000203   Thumb Code     0  libinit2.o(.ARM.Collect$$libinit$$00000030)
    __rt_lib_init_fp_trap_1                  0x08000203   Thumb Code     0  libinit2.o(.ARM.Collect$$libinit$$0000001F)
    __rt_lib_init_getenv_1                   0x08000203   Thumb Code     0  libinit2.o(.ARM.Collect$$libinit$$00000023)
    __rt_lib_init_heap_1                     0x08000203   Thumb Code     0  libinit2.o(.ARM.Collect$$libinit$$0000000A)
    __rt_lib_init_lc_collate_1               0x08000203   Thumb Code     0  libinit2.o(.ARM.Collect$$libinit$$00000011)
    __rt_lib_init_lc_ctype_1                 0x08000203   Thumb Code     0  libinit2.o(.ARM.Collect$$libinit$$00000013)
    __rt_lib_init_lc_monetary_1              0x08000203   Thumb Code     0  libinit2.o(.ARM.Collect$$libinit$$00000015)
    __rt_lib_init_lc_numeric_1               0x08000203   Thumb Code     0  libinit2.o(.ARM.Collect$$libinit$$00000017)
    __rt_lib_init_lc_time_1                  0x08000203   Thumb Code     0  libinit2.o(.ARM.Collect$$libinit$$00000019)
    __rt_lib_init_preinit_1                  0x08000203   Thumb Code     0  libinit2.o(.ARM.Collect$$libinit$$00000004)
    __rt_lib_init_rand_1                     0x08000203   Thumb Code     0  libinit2.o(.ARM.Collect$$libinit$$0000000E)
    __rt_lib_init_return                     0x08000203   Thumb Code     0  libinit2.o(.ARM.Collect$$libinit$$00000033)
    __rt_lib_init_signal_1                   0x08000203   Thumb Code     0  libinit2.o(.ARM.Collect$$libinit$$0000001D)
    __rt_lib_init_stdio_1                    0x08000203   Thumb Code     0  libinit2.o(.ARM.Collect$$libinit$$00000025)
    __rt_lib_init_user_alloc_1               0x08000203   Thumb Code     0  libinit2.o(.ARM.Collect$$libinit$$0000000C)
    __rt_lib_shutdown                        0x08000205   Thumb Code     0  libshutdown.o(.ARM.Collect$$libshutdown$$00000000)
    __rt_lib_shutdown_cpp_1                  0x08000207   Thumb Code     0  libshutdown2.o(.ARM.Collect$$libshutdown$$00000002)
    __rt_lib_shutdown_fp_trap_1              0x08000207   Thumb Code     0  libshutdown2.o(.ARM.Collect$$libshutdown$$00000007)
    __rt_lib_shutdown_heap_1                 0x08000207   Thumb Code     0  libshutdown2.o(.ARM.Collect$$libshutdown$$0000000F)
    __rt_lib_shutdown_return                 0x08000207   Thumb Code     0  libshutdown2.o(.ARM.Collect$$libshutdown$$00000010)
    __rt_lib_shutdown_signal_1               0x08000207   Thumb Code     0  libshutdown2.o(.ARM.Collect$$libshutdown$$0000000A)
    __rt_lib_shutdown_stdio_1                0x08000207   Thumb Code     0  libshutdown2.o(.ARM.Collect$$libshutdown$$00000004)
    __rt_lib_shutdown_user_alloc_1           0x08000207   Thumb Code     0  libshutdown2.o(.ARM.Collect$$libshutdown$$0000000C)
    __rt_entry                               0x08000209   Thumb Code     0  __rtentry.o(.ARM.Collect$$rtentry$$00000000)
    __rt_entry_presh_1                       0x08000209   Thumb Code     0  __rtentry2.o(.ARM.Collect$$rtentry$$00000002)
    __rt_entry_sh                            0x08000209   Thumb Code     0  __rtentry4.o(.ARM.Collect$$rtentry$$00000004)
    __rt_entry_li                            0x0800020f   Thumb Code     0  __rtentry2.o(.ARM.Collect$$rtentry$$0000000A)
    __rt_entry_postsh_1                      0x0800020f   Thumb Code     0  __rtentry2.o(.ARM.Collect$$rtentry$$00000009)
    __rt_entry_main                          0x08000213   Thumb Code     0  __rtentry2.o(.ARM.Collect$$rtentry$$0000000D)
    __rt_entry_postli_1                      0x08000213   Thumb Code     0  __rtentry2.o(.ARM.Collect$$rtentry$$0000000C)
    __rt_exit                                0x0800021b   Thumb Code     0  rtexit.o(.ARM.Collect$$rtexit$$00000000)
    __rt_exit_ls                             0x0800021d   Thumb Code     0  rtexit2.o(.ARM.Collect$$rtexit$$00000003)
    __rt_exit_prels_1                        0x0800021d   Thumb Code     0  rtexit2.o(.ARM.Collect$$rtexit$$00000002)
    __rt_exit_exit                           0x08000221   Thumb Code     0  rtexit2.o(.ARM.Collect$$rtexit$$00000004)
    Reset_Handler                            0x08000229   Thumb Code     8  startup_stm32f407xx.o(.text)
    ADC_IRQHandler                           0x08000243   Thumb Code     0  startup_stm32f407xx.o(.text)
    CAN1_RX0_IRQHandler                      0x08000243   Thumb Code     0  startup_stm32f407xx.o(.text)
    CAN1_RX1_IRQHandler                      0x08000243   Thumb Code     0  startup_stm32f407xx.o(.text)
    CAN1_SCE_IRQHandler                      0x08000243   Thumb Code     0  startup_stm32f407xx.o(.text)
    CAN1_TX_IRQHandler                       0x08000243   Thumb Code     0  startup_stm32f407xx.o(.text)
    CAN2_RX0_IRQHandler                      0x08000243   Thumb Code     0  startup_stm32f407xx.o(.text)
    CAN2_RX1_IRQHandler                      0x08000243   Thumb Code     0  startup_stm32f407xx.o(.text)
    CAN2_SCE_IRQHandler                      0x08000243   Thumb Code     0  startup_stm32f407xx.o(.text)
    CAN2_TX_IRQHandler                       0x08000243   Thumb Code     0  startup_stm32f407xx.o(.text)
    DCMI_IRQHandler                          0x08000243   Thumb Code     0  startup_stm32f407xx.o(.text)
    DMA1_Stream0_IRQHandler                  0x08000243   Thumb Code     0  startup_stm32f407xx.o(.text)
    DMA1_Stream1_IRQHandler                  0x08000243   Thumb Code     0  startup_stm32f407xx.o(.text)
    DMA1_Stream2_IRQHandler                  0x08000243   Thumb Code     0  startup_stm32f407xx.o(.text)
    DMA1_Stream3_IRQHandler                  0x08000243   Thumb Code     0  startup_stm32f407xx.o(.text)
    DMA1_Stream4_IRQHandler                  0x08000243   Thumb Code     0  startup_stm32f407xx.o(.text)
    DMA1_Stream5_IRQHandler                  0x08000243   Thumb Code     0  startup_stm32f407xx.o(.text)
    DMA1_Stream6_IRQHandler                  0x08000243   Thumb Code     0  startup_stm32f407xx.o(.text)
    DMA1_Stream7_IRQHandler                  0x08000243   Thumb Code     0  startup_stm32f407xx.o(.text)
    DMA2_Stream0_IRQHandler                  0x08000243   Thumb Code     0  startup_stm32f407xx.o(.text)
    DMA2_Stream1_IRQHandler                  0x08000243   Thumb Code     0  startup_stm32f407xx.o(.text)
    DMA2_Stream3_IRQHandler                  0x08000243   Thumb Code     0  startup_stm32f407xx.o(.text)
    DMA2_Stream4_IRQHandler                  0x08000243   Thumb Code     0  startup_stm32f407xx.o(.text)
    DMA2_Stream5_IRQHandler                  0x08000243   Thumb Code     0  startup_stm32f407xx.o(.text)
    DMA2_Stream6_IRQHandler                  0x08000243   Thumb Code     0  startup_stm32f407xx.o(.text)
    ETH_IRQHandler                           0x08000243   Thumb Code     0  startup_stm32f407xx.o(.text)
    ETH_WKUP_IRQHandler                      0x08000243   Thumb Code     0  startup_stm32f407xx.o(.text)
    EXTI0_IRQHandler                         0x08000243   Thumb Code     0  startup_stm32f407xx.o(.text)
    EXTI15_10_IRQHandler                     0x08000243   Thumb Code     0  startup_stm32f407xx.o(.text)
    EXTI1_IRQHandler                         0x08000243   Thumb Code     0  startup_stm32f407xx.o(.text)
    EXTI2_IRQHandler                         0x08000243   Thumb Code     0  startup_stm32f407xx.o(.text)
    EXTI3_IRQHandler                         0x08000243   Thumb Code     0  startup_stm32f407xx.o(.text)
    EXTI4_IRQHandler                         0x08000243   Thumb Code     0  startup_stm32f407xx.o(.text)
    EXTI9_5_IRQHandler                       0x08000243   Thumb Code     0  startup_stm32f407xx.o(.text)
    FLASH_IRQHandler                         0x08000243   Thumb Code     0  startup_stm32f407xx.o(.text)
    FMC_IRQHandler                           0x08000243   Thumb Code     0  startup_stm32f407xx.o(.text)
    FPU_IRQHandler                           0x08000243   Thumb Code     0  startup_stm32f407xx.o(.text)
    HASH_RNG_IRQHandler                      0x08000243   Thumb Code     0  startup_stm32f407xx.o(.text)
    I2C1_ER_IRQHandler                       0x08000243   Thumb Code     0  startup_stm32f407xx.o(.text)
    I2C1_EV_IRQHandler                       0x08000243   Thumb Code     0  startup_stm32f407xx.o(.text)
    I2C2_ER_IRQHandler                       0x08000243   Thumb Code     0  startup_stm32f407xx.o(.text)
    I2C2_EV_IRQHandler                       0x08000243   Thumb Code     0  startup_stm32f407xx.o(.text)
    I2C3_ER_IRQHandler                       0x08000243   Thumb Code     0  startup_stm32f407xx.o(.text)
    I2C3_EV_IRQHandler                       0x08000243   Thumb Code     0  startup_stm32f407xx.o(.text)
    OTG_FS_IRQHandler                        0x08000243   Thumb Code     0  startup_stm32f407xx.o(.text)
    OTG_FS_WKUP_IRQHandler                   0x08000243   Thumb Code     0  startup_stm32f407xx.o(.text)
    OTG_HS_EP1_IN_IRQHandler                 0x08000243   Thumb Code     0  startup_stm32f407xx.o(.text)
    OTG_HS_EP1_OUT_IRQHandler                0x08000243   Thumb Code     0  startup_stm32f407xx.o(.text)
    OTG_HS_IRQHandler                        0x08000243   Thumb Code     0  startup_stm32f407xx.o(.text)
    OTG_HS_WKUP_IRQHandler                   0x08000243   Thumb Code     0  startup_stm32f407xx.o(.text)
    PVD_IRQHandler                           0x08000243   Thumb Code     0  startup_stm32f407xx.o(.text)
    RCC_IRQHandler                           0x08000243   Thumb Code     0  startup_stm32f407xx.o(.text)
    RTC_Alarm_IRQHandler                     0x08000243   Thumb Code     0  startup_stm32f407xx.o(.text)
    RTC_WKUP_IRQHandler                      0x08000243   Thumb Code     0  startup_stm32f407xx.o(.text)
    SDIO_IRQHandler                          0x08000243   Thumb Code     0  startup_stm32f407xx.o(.text)
    SPI1_IRQHandler                          0x08000243   Thumb Code     0  startup_stm32f407xx.o(.text)
    SPI2_IRQHandler                          0x08000243   Thumb Code     0  startup_stm32f407xx.o(.text)
    SPI3_IRQHandler                          0x08000243   Thumb Code     0  startup_stm32f407xx.o(.text)
    TAMP_STAMP_IRQHandler                    0x08000243   Thumb Code     0  startup_stm32f407xx.o(.text)
    TIM1_BRK_TIM9_IRQHandler                 0x08000243   Thumb Code     0  startup_stm32f407xx.o(.text)
    TIM1_CC_IRQHandler                       0x08000243   Thumb Code     0  startup_stm32f407xx.o(.text)
    TIM1_TRG_COM_TIM11_IRQHandler            0x08000243   Thumb Code     0  startup_stm32f407xx.o(.text)
    TIM1_UP_TIM10_IRQHandler                 0x08000243   Thumb Code     0  startup_stm32f407xx.o(.text)
    TIM2_IRQHandler                          0x08000243   Thumb Code     0  startup_stm32f407xx.o(.text)
    TIM3_IRQHandler                          0x08000243   Thumb Code     0  startup_stm32f407xx.o(.text)
    TIM4_IRQHandler                          0x08000243   Thumb Code     0  startup_stm32f407xx.o(.text)
    TIM5_IRQHandler                          0x08000243   Thumb Code     0  startup_stm32f407xx.o(.text)
    TIM6_DAC_IRQHandler                      0x08000243   Thumb Code     0  startup_stm32f407xx.o(.text)
    TIM8_BRK_TIM12_IRQHandler                0x08000243   Thumb Code     0  startup_stm32f407xx.o(.text)
    TIM8_CC_IRQHandler                       0x08000243   Thumb Code     0  startup_stm32f407xx.o(.text)
    TIM8_TRG_COM_TIM14_IRQHandler            0x08000243   Thumb Code     0  startup_stm32f407xx.o(.text)
    TIM8_UP_TIM13_IRQHandler                 0x08000243   Thumb Code     0  startup_stm32f407xx.o(.text)
    UART4_IRQHandler                         0x08000243   Thumb Code     0  startup_stm32f407xx.o(.text)
    UART5_IRQHandler                         0x08000243   Thumb Code     0  startup_stm32f407xx.o(.text)
    USART2_IRQHandler                        0x08000243   Thumb Code     0  startup_stm32f407xx.o(.text)
    USART6_IRQHandler                        0x08000243   Thumb Code     0  startup_stm32f407xx.o(.text)
    WWDG_IRQHandler                          0x08000243   Thumb Code     0  startup_stm32f407xx.o(.text)
    __user_initial_stackheap                 0x08000245   Thumb Code     0  startup_stm32f407xx.o(.text)
    __aeabi_uldivmod                         0x08000269   Thumb Code     0  lludivv7m.o(.text)
    _ll_udiv                                 0x08000269   Thumb Code   238  lludivv7m.o(.text)
    __aeabi_memclr4                          0x08000357   Thumb Code     0  rt_memclr_w.o(.text)
    __aeabi_memclr8                          0x08000357   Thumb Code     0  rt_memclr_w.o(.text)
    __rt_memclr_w                            0x08000357   Thumb Code    78  rt_memclr_w.o(.text)
    _memset_w                                0x0800035b   Thumb Code     0  rt_memclr_w.o(.text)
    __use_two_region_memory                  0x080003a5   Thumb Code     2  heapauxi.o(.text)
    __rt_heap_escrow$2region                 0x080003a7   Thumb Code     2  heapauxi.o(.text)
    __rt_heap_expand$2region                 0x080003a9   Thumb Code     2  heapauxi.o(.text)
    __user_setup_stackheap                   0x080003ab   Thumb Code    74  sys_stackheap_outer.o(.text)
    exit                                     0x080003f5   Thumb Code    18  exit.o(.text)
    __user_libspace                          0x08000409   Thumb Code     8  libspace.o(.text)
    __user_perproc_libspace                  0x08000409   Thumb Code     0  libspace.o(.text)
    __user_perthread_libspace                0x08000409   Thumb Code     0  libspace.o(.text)
    _sys_exit                                0x08000411   Thumb Code     8  sys_exit.o(.text)
    __I$use$semihosting                      0x0800041d   Thumb Code     0  use_no_semi.o(.text)
    __use_no_semihosting_swi                 0x0800041d   Thumb Code     2  use_no_semi.o(.text)
    __semihosting_library_function           0x0800041f   Thumb Code     0  indicate_semi.o(.text)
    ALL_Pid_Init                             0x08000421   Thumb Code   128  pid.o(i.ALL_Pid_Init)
    BusFault_Handler                         0x080004b1   Thumb Code     2  stm32f4xx_it.o(i.BusFault_Handler)
    Car_Forward                              0x080004b5   Thumb Code    12  chassis.o(i.Car_Forward)
    Car_Mode1                                0x080004c5   Thumb Code   188  mode.o(i.Car_Mode1)
    Car_Mode2                                0x08000589   Thumb Code    38  mode.o(i.Car_Mode2)
    Car_Mode3                                0x080005b1   Thumb Code    70  mode.o(i.Car_Mode3)
    Car_Mode_Judge                           0x080005fd   Thumb Code    30  mode.o(i.Car_Mode_Judge)
    Car_Turn                                 0x08000621   Thumb Code    12  chassis.o(i.Car_Turn)
    Chassis_Init                             0x08000631   Thumb Code    38  chassis.o(i.Chassis_Init)
    Communication_Jude_Mv                    0x0800065d   Thumb Code    44  communication.o(i.Communication_Jude_Mv)
    Communication_Judge_Nano                 0x0800068d   Thumb Code    56  communication.o(i.Communication_Judge_Nano)
    DMA2_Stream2_IRQHandler                  0x080006cd   Thumb Code     6  stm32f4xx_it.o(i.DMA2_Stream2_IRQHandler)
    DMA2_Stream7_IRQHandler                  0x080006d9   Thumb Code     6  stm32f4xx_it.o(i.DMA2_Stream7_IRQHandler)
    DebugMon_Handler                         0x08000761   Thumb Code     2  stm32f4xx_it.o(i.DebugMon_Handler)
    Displacement_Mode_Judge                  0x08000765   Thumb Code    40  settlement.o(i.Displacement_Mode_Judge)
    Displacement_Mode_Judge2                 0x08000791   Thumb Code    24  settlement.o(i.Displacement_Mode_Judge2)
    Displacement_Mode_Judge3                 0x080007ad   Thumb Code    32  settlement.o(i.Displacement_Mode_Judge3)
    Displacement_Settlement1                 0x080007d1   Thumb Code   278  settlement.o(i.Displacement_Settlement1)
    Displacement_Settlement2                 0x080008f5   Thumb Code   278  settlement.o(i.Displacement_Settlement2)
    Displacement_Settlement3                 0x08000a19   Thumb Code   292  settlement.o(i.Displacement_Settlement3)
    Displacement_Settlement4                 0x08000b49   Thumb Code   242  settlement.o(i.Displacement_Settlement4)
    Displacement_Switch_Mode                 0x08000c49   Thumb Code    26  settlement.o(i.Displacement_Switch_Mode)
    Displacement_Switch_Mode2                0x08000c6d   Thumb Code    26  settlement.o(i.Displacement_Switch_Mode2)
    Displacement_Switch_Mode3                0x08000c91   Thumb Code    24  settlement.o(i.Displacement_Switch_Mode3)
    Displacement_back                        0x08000cb1   Thumb Code    86  settlement.o(i.Displacement_back)
    Displacement_left                        0x08000d11   Thumb Code   104  settlement.o(i.Displacement_left)
    Displacement_right                       0x08000d81   Thumb Code    98  settlement.o(i.Displacement_right)
    Displacement_turn_left                   0x08000ded   Thumb Code   104  settlement.o(i.Displacement_turn_left)
    Displacement_turn_right                  0x08000e5d   Thumb Code    98  settlement.o(i.Displacement_turn_right)
    Encoder_Init                             0x08000ec9   Thumb Code    38  encoder.o(i.Encoder_Init)
    Encoder_Sum_Zero                         0x08000f01   Thumb Code    22  encoder.o(i.Encoder_Sum_Zero)
    Encoder_Zero                             0x08000f1d   Thumb Code    28  encoder.o(i.Encoder_Zero)
    Error_Handler                            0x08000f49   Thumb Code     4  main.o(i.Error_Handler)
    HAL_DMA_Abort                            0x08000f4d   Thumb Code   146  stm32f4xx_hal_dma.o(i.HAL_DMA_Abort)
    HAL_DMA_Abort_IT                         0x08000fdf   Thumb Code    36  stm32f4xx_hal_dma.o(i.HAL_DMA_Abort_IT)
    HAL_DMA_IRQHandler                       0x08001005   Thumb Code   412  stm32f4xx_hal_dma.o(i.HAL_DMA_IRQHandler)
    HAL_DMA_Init                             0x080011a5   Thumb Code   206  stm32f4xx_hal_dma.o(i.HAL_DMA_Init)
    HAL_GPIO_Init                            0x08001279   Thumb Code   450  stm32f4xx_hal_gpio.o(i.HAL_GPIO_Init)
    HAL_GPIO_ReadPin                         0x08001469   Thumb Code    10  stm32f4xx_hal_gpio.o(i.HAL_GPIO_ReadPin)
    HAL_GPIO_WritePin                        0x08001473   Thumb Code    10  stm32f4xx_hal_gpio.o(i.HAL_GPIO_WritePin)
    HAL_GetTick                              0x0800147d   Thumb Code     6  stm32f4xx_hal.o(i.HAL_GetTick)
    HAL_IncTick                              0x08001489   Thumb Code    12  stm32f4xx_hal.o(i.HAL_IncTick)
    HAL_Init                                 0x08001499   Thumb Code    48  stm32f4xx_hal.o(i.HAL_Init)
    HAL_InitTick                             0x080014cd   Thumb Code    54  stm32f4xx_hal.o(i.HAL_InitTick)
    HAL_MspInit                              0x0800150d   Thumb Code    42  stm32f4xx_hal_msp.o(i.HAL_MspInit)
    HAL_NVIC_EnableIRQ                       0x0800153d   Thumb Code    26  stm32f4xx_hal_cortex.o(i.HAL_NVIC_EnableIRQ)
    HAL_NVIC_SetPriority                     0x08001559   Thumb Code    60  stm32f4xx_hal_cortex.o(i.HAL_NVIC_SetPriority)
    HAL_NVIC_SetPriorityGrouping             0x08001599   Thumb Code    26  stm32f4xx_hal_cortex.o(i.HAL_NVIC_SetPriorityGrouping)
    HAL_RCC_ClockConfig                      0x080015bd   Thumb Code   288  stm32f4xx_hal_rcc.o(i.HAL_RCC_ClockConfig)
    HAL_RCC_GetPCLK1Freq                     0x080016f1   Thumb Code    20  stm32f4xx_hal_rcc.o(i.HAL_RCC_GetPCLK1Freq)
    HAL_RCC_GetPCLK2Freq                     0x08001711   Thumb Code    20  stm32f4xx_hal_rcc.o(i.HAL_RCC_GetPCLK2Freq)
    HAL_RCC_GetSysClockFreq                  0x08001731   Thumb Code    88  stm32f4xx_hal_rcc.o(i.HAL_RCC_GetSysClockFreq)
    HAL_RCC_OscConfig                        0x08001795   Thumb Code   856  stm32f4xx_hal_rcc.o(i.HAL_RCC_OscConfig)
    HAL_SYSTICK_Config                       0x08001b01   Thumb Code    40  stm32f4xx_hal_cortex.o(i.HAL_SYSTICK_Config)
    HAL_TIMEx_BreakCallback                  0x08001b29   Thumb Code     2  stm32f4xx_hal_tim_ex.o(i.HAL_TIMEx_BreakCallback)
    HAL_TIMEx_CommutCallback                 0x08001b2b   Thumb Code     2  stm32f4xx_hal_tim_ex.o(i.HAL_TIMEx_CommutCallback)
    HAL_TIMEx_ConfigBreakDeadTime            0x08001b2d   Thumb Code    84  stm32f4xx_hal_tim_ex.o(i.HAL_TIMEx_ConfigBreakDeadTime)
    HAL_TIMEx_MasterConfigSynchronization    0x08001b81   Thumb Code   116  stm32f4xx_hal_tim_ex.o(i.HAL_TIMEx_MasterConfigSynchronization)
    HAL_TIM_Base_Init                        0x08001c11   Thumb Code    90  stm32f4xx_hal_tim.o(i.HAL_TIM_Base_Init)
    HAL_TIM_Base_MspInit                     0x08001c6d   Thumb Code    76  tim.o(i.HAL_TIM_Base_MspInit)
    HAL_TIM_Base_Start_IT                    0x08001cc5   Thumb Code   100  stm32f4xx_hal_tim.o(i.HAL_TIM_Base_Start_IT)
    HAL_TIM_ConfigClockSource                0x08001d45   Thumb Code   220  stm32f4xx_hal_tim.o(i.HAL_TIM_ConfigClockSource)
    HAL_TIM_Encoder_Init                     0x08001e21   Thumb Code   164  stm32f4xx_hal_tim.o(i.HAL_TIM_Encoder_Init)
    HAL_TIM_Encoder_MspInit                  0x08001ec5   Thumb Code   294  tim.o(i.HAL_TIM_Encoder_MspInit)
    HAL_TIM_Encoder_Start                    0x0800200d   Thumb Code   142  stm32f4xx_hal_tim.o(i.HAL_TIM_Encoder_Start)
    HAL_TIM_IC_CaptureCallback               0x0800209b   Thumb Code     2  stm32f4xx_hal_tim.o(i.HAL_TIM_IC_CaptureCallback)
    HAL_TIM_IRQHandler                       0x0800209d   Thumb Code   358  stm32f4xx_hal_tim.o(i.HAL_TIM_IRQHandler)
    HAL_TIM_MspPostInit                      0x08002205   Thumb Code   152  tim.o(i.HAL_TIM_MspPostInit)
    HAL_TIM_OC_DelayElapsedCallback          0x080022b9   Thumb Code     2  stm32f4xx_hal_tim.o(i.HAL_TIM_OC_DelayElapsedCallback)
    HAL_TIM_PWM_ConfigChannel                0x080022bb   Thumb Code   204  stm32f4xx_hal_tim.o(i.HAL_TIM_PWM_ConfigChannel)
    HAL_TIM_PWM_Init                         0x08002387   Thumb Code    90  stm32f4xx_hal_tim.o(i.HAL_TIM_PWM_Init)
    HAL_TIM_PWM_MspInit                      0x080023e1   Thumb Code    56  tim.o(i.HAL_TIM_PWM_MspInit)
    HAL_TIM_PWM_PulseFinishedCallback        0x08002425   Thumb Code     2  stm32f4xx_hal_tim.o(i.HAL_TIM_PWM_PulseFinishedCallback)
    HAL_TIM_PWM_Start                        0x08002429   Thumb Code   172  stm32f4xx_hal_tim.o(i.HAL_TIM_PWM_Start)
    HAL_TIM_PeriodElapsedCallback            0x080024f1   Thumb Code     2  stm32f4xx_hal_tim.o(i.HAL_TIM_PeriodElapsedCallback)
    HAL_TIM_TriggerCallback                  0x080024f3   Thumb Code     2  stm32f4xx_hal_tim.o(i.HAL_TIM_TriggerCallback)
    HAL_UARTEx_RxEventCallback               0x080024f5   Thumb Code     2  stm32f4xx_hal_uart.o(i.HAL_UARTEx_RxEventCallback)
    HAL_UART_ErrorCallback                   0x080024f7   Thumb Code     2  stm32f4xx_hal_uart.o(i.HAL_UART_ErrorCallback)
    HAL_UART_IRQHandler                      0x080024f9   Thumb Code   610  stm32f4xx_hal_uart.o(i.HAL_UART_IRQHandler)
    HAL_UART_Init                            0x08002761   Thumb Code    98  stm32f4xx_hal_uart.o(i.HAL_UART_Init)
    HAL_UART_MspInit                         0x080027c5   Thumb Code   286  usart.o(i.HAL_UART_MspInit)
    HAL_UART_Receive_IT                      0x08002901   Thumb Code    42  stm32f4xx_hal_uart.o(i.HAL_UART_Receive_IT)
    HAL_UART_RxCpltCallback                  0x0800292d   Thumb Code    54  main.o(i.HAL_UART_RxCpltCallback)
    HAL_UART_Transmit                        0x0800297d   Thumb Code   178  stm32f4xx_hal_uart.o(i.HAL_UART_Transmit)
    HAL_UART_TxCpltCallback                  0x08002a2f   Thumb Code     2  stm32f4xx_hal_uart.o(i.HAL_UART_TxCpltCallback)
    HardFault_Handler                        0x08002a31   Thumb Code     2  stm32f4xx_it.o(i.HardFault_Handler)
    Joint_Clamping                           0x08002a35   Thumb Code   218  joint.o(i.Joint_Clamping)
    Joint_Init                               0x08002b1d   Thumb Code    54  joint.o(i.Joint_Init)
    Joint_Move                               0x08002b5d   Thumb Code    30  joint.o(i.Joint_Move)
    Joint_Normal                             0x08002b85   Thumb Code    28  joint.o(i.Joint_Normal)
    Joint_Switch_Mode                        0x08002ba1   Thumb Code    36  joint.o(i.Joint_Switch_Mode)
    Joint_Time_Sum                           0x08002bd5   Thumb Code    58  joint.o(i.Joint_Time_Sum)
    Joint_time_Init                          0x08002c15   Thumb Code    28  joint.o(i.Joint_time_Init)
    MX_DMA_Init                              0x08002c35   Thumb Code    56  dma.o(i.MX_DMA_Init)
    MX_GPIO_Init                             0x08002c71   Thumb Code   222  gpio.o(i.MX_GPIO_Init)
    MX_TIM1_Init                             0x08002d61   Thumb Code   100  tim.o(i.MX_TIM1_Init)
    MX_TIM2_Init                             0x08002dcd   Thumb Code    98  tim.o(i.MX_TIM2_Init)
    MX_TIM3_Init                             0x08002e35   Thumb Code    98  tim.o(i.MX_TIM3_Init)
    MX_TIM4_Init                             0x08002ea1   Thumb Code    98  tim.o(i.MX_TIM4_Init)
    MX_TIM5_Init                             0x08002f0d   Thumb Code   150  tim.o(i.MX_TIM5_Init)
    MX_TIM7_Init                             0x08002fad   Thumb Code    60  tim.o(i.MX_TIM7_Init)
    MX_TIM8_Init                             0x08002ff1   Thumb Code   200  tim.o(i.MX_TIM8_Init)
    MX_TIM9_Init                             0x080030c1   Thumb Code   138  tim.o(i.MX_TIM9_Init)
    MX_USART1_UART_Init                      0x08003155   Thumb Code    48  usart.o(i.MX_USART1_UART_Init)
    MX_USART3_UART_Init                      0x0800318d   Thumb Code    48  usart.o(i.MX_USART3_UART_Init)
    MemManage_Handler                        0x080031c5   Thumb Code     2  stm32f4xx_it.o(i.MemManage_Handler)
    Moto1_Draw_Back                          0x080031c9   Thumb Code    36  chassis.o(i.Moto1_Draw_Back)
    Moto1_Go_Forward                         0x080031f5   Thumb Code    34  chassis.o(i.Moto1_Go_Forward)
    Moto1_Speed_Output                       0x08003221   Thumb Code    18  chassis.o(i.Moto1_Speed_Output)
    Moto1_Stop                               0x08003235   Thumb Code    34  chassis.o(i.Moto1_Stop)
    Moto2_Draw_Back                          0x08003261   Thumb Code    36  chassis.o(i.Moto2_Draw_Back)
    Moto2_Go_Forward                         0x0800328d   Thumb Code    34  chassis.o(i.Moto2_Go_Forward)
    Moto2_Speed_Output                       0x080032b9   Thumb Code    18  chassis.o(i.Moto2_Speed_Output)
    Moto2_Stop                               0x080032cd   Thumb Code    34  chassis.o(i.Moto2_Stop)
    Moto3_Draw_Back                          0x080032f9   Thumb Code    36  chassis.o(i.Moto3_Draw_Back)
    Moto3_Go_Forward                         0x08003325   Thumb Code    34  chassis.o(i.Moto3_Go_Forward)
    Moto3_Speed_Output                       0x08003351   Thumb Code    18  chassis.o(i.Moto3_Speed_Output)
    Moto3_Stop                               0x08003365   Thumb Code    34  chassis.o(i.Moto3_Stop)
    Moto4_Draw_Back                          0x08003391   Thumb Code    36  chassis.o(i.Moto4_Draw_Back)
    Moto4_Go_Forward                         0x080033bd   Thumb Code    34  chassis.o(i.Moto4_Go_Forward)
    Moto4_Speed_Output                       0x080033e9   Thumb Code    18  chassis.o(i.Moto4_Speed_Output)
    Moto4_Stop                               0x080033fd   Thumb Code    34  chassis.o(i.Moto4_Stop)
    Move_Displacement1                       0x08003429   Thumb Code   278  settlement.o(i.Move_Displacement1)
    Move_Displacement2                       0x0800354d   Thumb Code   278  settlement.o(i.Move_Displacement2)
    NMI_Handler                              0x08003671   Thumb Code     2  stm32f4xx_it.o(i.NMI_Handler)
    PendSV_Handler                           0x08003673   Thumb Code     2  stm32f4xx_it.o(i.PendSV_Handler)
    Read_Encoder_Speed                       0x08003675   Thumb Code    54  encoder.o(i.Read_Encoder_Speed)
    Read_Encoder_Sum                         0x080036c1   Thumb Code   130  encoder.o(i.Read_Encoder_Sum)
    Read_GPIO                                0x0800375d   Thumb Code    88  tracking.o(i.Read_GPIO)
    Recycling_Line                           0x080037bd   Thumb Code    30  joint.o(i.Recycling_Line)
    Recycling_rubbish                        0x080037db   Thumb Code    28  joint.o(i.Recycling_rubbish)
    Room_Search_Mode1                        0x080037f9   Thumb Code   188  room_search.o(i.Room_Search_Mode1)
    Room_Search_Mode2                        0x080038bd   Thumb Code    18  room_search.o(i.Room_Search_Mode2)
    Room_Search_Mode_Judge                   0x080038d1   Thumb Code    60  room_search.o(i.Room_Search_Mode_Judge)
    SVC_Handler                              0x08003911   Thumb Code     2  stm32f4xx_it.o(i.SVC_Handler)
    Search_Room_Reset                        0x08003915   Thumb Code    66  communication.o(i.Search_Room_Reset)
    Settlement_Flag_Init                     0x0800397d   Thumb Code    14  settlement.o(i.Settlement_Flag_Init)
    Settlement_Flag_Init2                    0x08003991   Thumb Code    12  settlement.o(i.Settlement_Flag_Init2)
    Settlement_Flag_Init3                    0x080039a1   Thumb Code    14  settlement.o(i.Settlement_Flag_Init3)
    SysTick_Handler                          0x080039b5   Thumb Code     4  stm32f4xx_it.o(i.SysTick_Handler)
    SystemClock_Config                       0x080039b9   Thumb Code   136  main.o(i.SystemClock_Config)
    SystemInit                               0x08003a49   Thumb Code    12  system_stm32f4xx.o(i.SystemInit)
    TIM7_IRQHandler                          0x08003a59   Thumb Code    96  stm32f4xx_it.o(i.TIM7_IRQHandler)
    TIM_Base_SetConfig                       0x08003ac9   Thumb Code   156  stm32f4xx_hal_tim.o(i.TIM_Base_SetConfig)
    TIM_CCxChannelCmd                        0x08003b91   Thumb Code    26  stm32f4xx_hal_tim.o(i.TIM_CCxChannelCmd)
    TIM_ETR_SetConfig                        0x08003bab   Thumb Code    20  stm32f4xx_hal_tim.o(i.TIM_ETR_SetConfig)
    TIM_OC2_SetConfig                        0x08003c31   Thumb Code    98  stm32f4xx_hal_tim.o(i.TIM_OC2_SetConfig)
    Throw_rubbish                            0x08003d9b   Thumb Code    30  joint.o(i.Throw_rubbish)
    Tracking_Move                            0x08003db9   Thumb Code   140  tracking.o(i.Tracking_Move)
    Tracking_Switch_Mode                     0x08003e49   Thumb Code   104  tracking.o(i.Tracking_Switch_Mode)
    Tracking_Switch_Mode2                    0x08003ec9   Thumb Code   142  tracking.o(i.Tracking_Switch_Mode2)
    Tracking_Switch_Mode3                    0x08003f7d   Thumb Code    74  tracking.o(i.Tracking_Switch_Mode3)
    Turn_Back                                0x08003fd5   Thumb Code    34  joint.o(i.Turn_Back)
    Turn_Back_Displacement1                  0x08004009   Thumb Code   234  settlement.o(i.Turn_Back_Displacement1)
    Turn_Back_Displacement2                  0x08004101   Thumb Code   292  settlement.o(i.Turn_Back_Displacement2)
    Turn_Back_Displacement3                  0x08004231   Thumb Code   278  settlement.o(i.Turn_Back_Displacement3)
    Turn_Back_Displacement4                  0x08004355   Thumb Code   232  settlement.o(i.Turn_Back_Displacement4)
    Turn_Back_Mode1                          0x08004449   Thumb Code    38  room_search.o(i.Turn_Back_Mode1)
    Turn_Back_Mode2                          0x0800446f   Thumb Code    18  room_search.o(i.Turn_Back_Mode2)
    Turn_Back_Mode3                          0x08004481   Thumb Code   188  room_search.o(i.Turn_Back_Mode3)
    UART_Start_Receive_IT                    0x08004771   Thumb Code    54  stm32f4xx_hal_uart.o(i.UART_Start_Receive_IT)
    USART1_IRQHandler                        0x08004821   Thumb Code    22  stm32f4xx_it.o(i.USART1_IRQHandler)
    USART3_IRQHandler                        0x08004841   Thumb Code    22  stm32f4xx_it.o(i.USART3_IRQHandler)
    UsageFault_Handler                       0x08004861   Thumb Code     2  stm32f4xx_it.o(i.UsageFault_Handler)
    WZPid                                    0x08004863   Thumb Code   150  pid.o(i.WZPid)
    WZPid_Init                               0x080048f9   Thumb Code    14  pid.o(i.WZPid_Init)
    main                                     0x08004929   Thumb Code   126  main.o(i.main)
    _fp_init                                 0x080049bd   Thumb Code    10  fpinit.o(x$fpl$fpinit)
    __fplib_config_fpu_vfp                   0x080049c5   Thumb Code     0  fpinit.o(x$fpl$fpinit)
    __fplib_config_pureend_doubles           0x080049c5   Thumb Code     0  fpinit.o(x$fpl$fpinit)
    AHBPrescTable                            0x080049ce   Data          16  system_stm32f4xx.o(.constdata)
    APBPrescTable                            0x080049de   Data           8  system_stm32f4xx.o(.constdata)
    Region$$Table$$Base                      0x080049e8   Number         0  anon$$obj.o(Region$$Table)
    Region$$Table$$Limit                     0x08004a08   Number         0  anon$$obj.o(Region$$Table)
    buffer                                   0x20000000   Data           3  communication.o(.data)
    bufferMV                                 0x20000003   Data           3  communication.o(.data)
    Run_Judge                                0x20000006   Data           1  communication.o(.data)
    Mv_Message                               0x20000007   Data           1  communication.o(.data)
    bs                                       0x20000008   Data           6  communication.o(.data)
    Tx_cnt                                   0x20000010   Data           4  tracking.o(.data)
    car_out                                  0x20000014   Data           4  tracking.o(.data)
    car_out_flag                             0x20000018   Data           4  tracking.o(.data)
    car_out2                                 0x2000001c   Data           4  tracking.o(.data)
    Rx_Flag_Reset2                           0x20000020   Data           4  tracking.o(.data)
    car_out3                                 0x20000024   Data           4  tracking.o(.data)
    Display_Settlement_Mode                  0x20000028   Data           2  settlement.o(.data)
    Display_Settlement_time                  0x2000002a   Data           2  settlement.o(.data)
    Display_Settlement_Mode2                 0x2000002c   Data           2  settlement.o(.data)
    Display_Settlement_time2                 0x2000002e   Data           2  settlement.o(.data)
    Display_Settlement_Mode3                 0x20000030   Data           2  settlement.o(.data)
    Switch_Mode_Cnt                          0x20000034   Data           4  settlement.o(.data)
    Drop_Litter_Cnt                          0x20000038   Data           4  settlement.o(.data)
    Displacement_Settlement_cnt3             0x2000003c   Data           4  settlement.o(.data)
    Switch_Mode_Cnt2                         0x20000040   Data           4  settlement.o(.data)
    Switch_Mode_Cnt3                         0x20000044   Data           4  settlement.o(.data)
    turn_back_cnt2                           0x20000048   Data           4  settlement.o(.data)
    Settlement_Zero_Flag2                    0x2000004c   Data           6  settlement.o(.data)
    Settlement_Zero_Flag                     0x20000052   Data           8  settlement.o(.data)
    Settlement_Zero_Flag3                    0x2000005a   Data           8  settlement.o(.data)
    Joint_time                               0x20000064   Data           4  joint.o(.data)
    ELECTRONIC_CAR_MODE                      0x20000068   Data           4  mode.o(.data)
    Room_Search_MODE                         0x2000006c   Data           4  room_search.o(.data)
    Turn_back_MODE                           0x20000070   Data           4  room_search.o(.data)
    Turn_Back_Flag                           0x20000074   Data           4  room_search.o(.data)
    as                                       0x20000078   Data           6  stm32f4xx_it.o(.data)
    uwTickFreq                               0x20000080   Data           1  stm32f4xx_hal.o(.data)
    uwTickPrio                               0x20000084   Data           4  stm32f4xx_hal.o(.data)
    uwTick                                   0x20000088   Data           4  stm32f4xx_hal.o(.data)
    SystemCoreClock                          0x2000008c   Data           4  system_stm32f4xx.o(.data)
    Encoder_Sum                              0x20000090   Data          32  encoder.o(.bss)
    tracking                                 0x200000b0   Data          32  tracking.o(.bss)
    MotoData                                 0x200000d0   Data          32  chassis.o(.bss)
    Joint_mode_time                          0x200000f0   Data          12  joint.o(.bss)
    Joint_time_sum                           0x200000fc   Data          24  joint.o(.bss)
    Pid                                      0x20000114   Data         144  pid.o(.bss)
    htim1                                    0x200001a4   Data          72  tim.o(.bss)
    htim2                                    0x200001ec   Data          72  tim.o(.bss)
    htim3                                    0x20000234   Data          72  tim.o(.bss)
    htim4                                    0x2000027c   Data          72  tim.o(.bss)
    htim5                                    0x200002c4   Data          72  tim.o(.bss)
    htim7                                    0x2000030c   Data          72  tim.o(.bss)
    htim8                                    0x20000354   Data          72  tim.o(.bss)
    htim9                                    0x2000039c   Data          72  tim.o(.bss)
    huart1                                   0x200003e4   Data          68  usart.o(.bss)
    huart3                                   0x20000428   Data          68  usart.o(.bss)
    hdma_usart1_rx                           0x2000046c   Data          96  usart.o(.bss)
    hdma_usart1_tx                           0x200004cc   Data          96  usart.o(.bss)
    __libspace_start                         0x2000052c   Data          96  libspace.o(.bss)
    __temporary_stack_top$libspace           0x2000058c   Data           0  libspace.o(.bss)



==============================================================================

Memory Map of the image

  Image Entry point : 0x08000189

  Load Region LR_IROM1 (Base: 0x08000000, Size: 0x00004a98, Max: 0x00100000, ABSOLUTE)

    Execution Region ER_IROM1 (Base: 0x08000000, Size: 0x00004a08, Max: 0x00100000, ABSOLUTE)

    Base Addr    Size         Type   Attr      Idx    E Section Name        Object

    0x08000000   0x00000188   Data   RO            3    RESET               startup_stm32f407xx.o
    0x08000188   0x00000008   Code   RO         3764  * !!!main             c_w.l(__main.o)
    0x08000190   0x00000034   Code   RO         3931    !!!scatter          c_w.l(__scatter.o)
    0x080001c4   0x0000001a   Code   RO         3933    !!handler_copy      c_w.l(__scatter_copy.o)
    0x080001de   0x00000002   PAD
    0x080001e0   0x0000001c   Code   RO         3935    !!handler_zi        c_w.l(__scatter_zi.o)
    0x080001fc   0x00000002   Code   RO         3801    .ARM.Collect$$libinit$$00000000  c_w.l(libinit.o)
    0x080001fe   0x00000004   Code   RO         3813    .ARM.Collect$$libinit$$00000001  c_w.l(libinit2.o)
    0x08000202   0x00000000   Code   RO         3816    .ARM.Collect$$libinit$$00000004  c_w.l(libinit2.o)
    0x08000202   0x00000000   Code   RO         3819    .ARM.Collect$$libinit$$0000000A  c_w.l(libinit2.o)
    0x08000202   0x00000000   Code   RO         3821    .ARM.Collect$$libinit$$0000000C  c_w.l(libinit2.o)
    0x08000202   0x00000000   Code   RO         3823    .ARM.Collect$$libinit$$0000000E  c_w.l(libinit2.o)
    0x08000202   0x00000000   Code   RO         3826    .ARM.Collect$$libinit$$00000011  c_w.l(libinit2.o)
    0x08000202   0x00000000   Code   RO         3828    .ARM.Collect$$libinit$$00000013  c_w.l(libinit2.o)
    0x08000202   0x00000000   Code   RO         3830    .ARM.Collect$$libinit$$00000015  c_w.l(libinit2.o)
    0x08000202   0x00000000   Code   RO         3832    .ARM.Collect$$libinit$$00000017  c_w.l(libinit2.o)
    0x08000202   0x00000000   Code   RO         3834    .ARM.Collect$$libinit$$00000019  c_w.l(libinit2.o)
    0x08000202   0x00000000   Code   RO         3836    .ARM.Collect$$libinit$$0000001B  c_w.l(libinit2.o)
    0x08000202   0x00000000   Code   RO         3838    .ARM.Collect$$libinit$$0000001D  c_w.l(libinit2.o)
    0x08000202   0x00000000   Code   RO         3840    .ARM.Collect$$libinit$$0000001F  c_w.l(libinit2.o)
    0x08000202   0x00000000   Code   RO         3842    .ARM.Collect$$libinit$$00000021  c_w.l(libinit2.o)
    0x08000202   0x00000000   Code   RO         3844    .ARM.Collect$$libinit$$00000023  c_w.l(libinit2.o)
    0x08000202   0x00000000   Code   RO         3846    .ARM.Collect$$libinit$$00000025  c_w.l(libinit2.o)
    0x08000202   0x00000000   Code   RO         3850    .ARM.Collect$$libinit$$0000002C  c_w.l(libinit2.o)
    0x08000202   0x00000000   Code   RO         3852    .ARM.Collect$$libinit$$0000002E  c_w.l(libinit2.o)
    0x08000202   0x00000000   Code   RO         3854    .ARM.Collect$$libinit$$00000030  c_w.l(libinit2.o)
    0x08000202   0x00000000   Code   RO         3856    .ARM.Collect$$libinit$$00000032  c_w.l(libinit2.o)
    0x08000202   0x00000002   Code   RO         3857    .ARM.Collect$$libinit$$00000033  c_w.l(libinit2.o)
    0x08000204   0x00000002   Code   RO         3888    .ARM.Collect$$libshutdown$$00000000  c_w.l(libshutdown.o)
    0x08000206   0x00000000   Code   RO         3914    .ARM.Collect$$libshutdown$$00000002  c_w.l(libshutdown2.o)
    0x08000206   0x00000000   Code   RO         3916    .ARM.Collect$$libshutdown$$00000004  c_w.l(libshutdown2.o)
    0x08000206   0x00000000   Code   RO         3919    .ARM.Collect$$libshutdown$$00000007  c_w.l(libshutdown2.o)
    0x08000206   0x00000000   Code   RO         3922    .ARM.Collect$$libshutdown$$0000000A  c_w.l(libshutdown2.o)
    0x08000206   0x00000000   Code   RO         3924    .ARM.Collect$$libshutdown$$0000000C  c_w.l(libshutdown2.o)
    0x08000206   0x00000000   Code   RO         3927    .ARM.Collect$$libshutdown$$0000000F  c_w.l(libshutdown2.o)
    0x08000206   0x00000002   Code   RO         3928    .ARM.Collect$$libshutdown$$00000010  c_w.l(libshutdown2.o)
    0x08000208   0x00000000   Code   RO         3766    .ARM.Collect$$rtentry$$00000000  c_w.l(__rtentry.o)
    0x08000208   0x00000000   Code   RO         3772    .ARM.Collect$$rtentry$$00000002  c_w.l(__rtentry2.o)
    0x08000208   0x00000006   Code   RO         3784    .ARM.Collect$$rtentry$$00000004  c_w.l(__rtentry4.o)
    0x0800020e   0x00000000   Code   RO         3774    .ARM.Collect$$rtentry$$00000009  c_w.l(__rtentry2.o)
    0x0800020e   0x00000004   Code   RO         3775    .ARM.Collect$$rtentry$$0000000A  c_w.l(__rtentry2.o)
    0x08000212   0x00000000   Code   RO         3777    .ARM.Collect$$rtentry$$0000000C  c_w.l(__rtentry2.o)
    0x08000212   0x00000008   Code   RO         3778    .ARM.Collect$$rtentry$$0000000D  c_w.l(__rtentry2.o)
    0x0800021a   0x00000002   Code   RO         3805    .ARM.Collect$$rtexit$$00000000  c_w.l(rtexit.o)
    0x0800021c   0x00000000   Code   RO         3861    .ARM.Collect$$rtexit$$00000002  c_w.l(rtexit2.o)
    0x0800021c   0x00000004   Code   RO         3862    .ARM.Collect$$rtexit$$00000003  c_w.l(rtexit2.o)
    0x08000220   0x00000006   Code   RO         3863    .ARM.Collect$$rtexit$$00000004  c_w.l(rtexit2.o)
    0x08000226   0x00000002   PAD
    0x08000228   0x00000040   Code   RO            4    .text               startup_stm32f407xx.o
    0x08000268   0x000000ee   Code   RO         3758    .text               c_w.l(lludivv7m.o)
    0x08000356   0x0000004e   Code   RO         3760    .text               c_w.l(rt_memclr_w.o)
    0x080003a4   0x00000006   Code   RO         3762    .text               c_w.l(heapauxi.o)
    0x080003aa   0x0000004a   Code   RO         3788    .text               c_w.l(sys_stackheap_outer.o)
    0x080003f4   0x00000012   Code   RO         3790    .text               c_w.l(exit.o)
    0x08000406   0x00000002   PAD
    0x08000408   0x00000008   Code   RO         3802    .text               c_w.l(libspace.o)
    0x08000410   0x0000000c   Code   RO         3858    .text               c_w.l(sys_exit.o)
    0x0800041c   0x00000002   Code   RO         3877    .text               c_w.l(use_no_semi.o)
    0x0800041e   0x00000000   Code   RO         3879    .text               c_w.l(indicate_semi.o)
    0x0800041e   0x00000002   PAD
    0x08000420   0x00000090   Code   RO          716    i.ALL_Pid_Init      pid.o
    0x080004b0   0x00000002   Code   RO         1124    i.BusFault_Handler  stm32f4xx_it.o
    0x080004b2   0x00000002   PAD
    0x080004b4   0x00000010   Code   RO          310    i.Car_Forward       chassis.o
    0x080004c4   0x000000c4   Code   RO          758    i.Car_Mode1         mode.o
    0x08000588   0x00000026   Code   RO          759    i.Car_Mode2         mode.o
    0x080005ae   0x00000002   PAD
    0x080005b0   0x0000004c   Code   RO          760    i.Car_Mode3         mode.o
    0x080005fc   0x00000024   Code   RO          761    i.Car_Mode_Judge    mode.o
    0x08000620   0x00000010   Code   RO          311    i.Car_Turn          chassis.o
    0x08000630   0x0000002c   Code   RO          312    i.Chassis_Init      chassis.o
    0x0800065c   0x00000030   Code   RO           14    i.Communication_Jude_Mv  communication.o
    0x0800068c   0x00000040   Code   RO           15    i.Communication_Judge_Nano  communication.o
    0x080006cc   0x0000000c   Code   RO         1125    i.DMA2_Stream2_IRQHandler  stm32f4xx_it.o
    0x080006d8   0x0000000c   Code   RO         1126    i.DMA2_Stream7_IRQHandler  stm32f4xx_it.o
    0x080006e4   0x00000028   Code   RO         2691    i.DMA_CalcBaseAndBitshift  stm32f4xx_hal_dma.o
    0x0800070c   0x00000054   Code   RO         2692    i.DMA_CheckFifoParam  stm32f4xx_hal_dma.o
    0x08000760   0x00000002   Code   RO         1127    i.DebugMon_Handler  stm32f4xx_it.o
    0x08000762   0x00000002   PAD
    0x08000764   0x0000002c   Code   RO          437    i.Displacement_Mode_Judge  settlement.o
    0x08000790   0x0000001c   Code   RO          438    i.Displacement_Mode_Judge2  settlement.o
    0x080007ac   0x00000024   Code   RO          439    i.Displacement_Mode_Judge3  settlement.o
    0x080007d0   0x00000124   Code   RO          440    i.Displacement_Settlement1  settlement.o
    0x080008f4   0x00000124   Code   RO          441    i.Displacement_Settlement2  settlement.o
    0x08000a18   0x00000130   Code   RO          442    i.Displacement_Settlement3  settlement.o
    0x08000b48   0x00000100   Code   RO          443    i.Displacement_Settlement4  settlement.o
    0x08000c48   0x00000024   Code   RO          444    i.Displacement_Switch_Mode  settlement.o
    0x08000c6c   0x00000024   Code   RO          445    i.Displacement_Switch_Mode2  settlement.o
    0x08000c90   0x00000020   Code   RO          446    i.Displacement_Switch_Mode3  settlement.o
    0x08000cb0   0x00000060   Code   RO          447    i.Displacement_back  settlement.o
    0x08000d10   0x00000070   Code   RO          449    i.Displacement_left  settlement.o
    0x08000d80   0x0000006c   Code   RO          450    i.Displacement_right  settlement.o
    0x08000dec   0x00000070   Code   RO          451    i.Displacement_turn_left  settlement.o
    0x08000e5c   0x0000006c   Code   RO          452    i.Displacement_turn_right  settlement.o
    0x08000ec8   0x00000038   Code   RO          186    i.Encoder_Init      encoder.o
    0x08000f00   0x0000001c   Code   RO          187    i.Encoder_Sum_Zero  encoder.o
    0x08000f1c   0x0000002c   Code   RO          188    i.Encoder_Zero      encoder.o
    0x08000f48   0x00000004   Code   RO          869    i.Error_Handler     main.o
    0x08000f4c   0x00000092   Code   RO         2694    i.HAL_DMA_Abort     stm32f4xx_hal_dma.o
    0x08000fde   0x00000024   Code   RO         2695    i.HAL_DMA_Abort_IT  stm32f4xx_hal_dma.o
    0x08001002   0x00000002   PAD
    0x08001004   0x000001a0   Code   RO         2699    i.HAL_DMA_IRQHandler  stm32f4xx_hal_dma.o
    0x080011a4   0x000000d4   Code   RO         2700    i.HAL_DMA_Init      stm32f4xx_hal_dma.o
    0x08001278   0x000001f0   Code   RO         2587    i.HAL_GPIO_Init     stm32f4xx_hal_gpio.o
    0x08001468   0x0000000a   Code   RO         2589    i.HAL_GPIO_ReadPin  stm32f4xx_hal_gpio.o
    0x08001472   0x0000000a   Code   RO         2591    i.HAL_GPIO_WritePin  stm32f4xx_hal_gpio.o
    0x0800147c   0x0000000c   Code   RO         3119    i.HAL_GetTick       stm32f4xx_hal.o
    0x08001488   0x00000010   Code   RO         3125    i.HAL_IncTick       stm32f4xx_hal.o
    0x08001498   0x00000034   Code   RO         3126    i.HAL_Init          stm32f4xx_hal.o
    0x080014cc   0x00000040   Code   RO         3127    i.HAL_InitTick      stm32f4xx_hal.o
    0x0800150c   0x00000030   Code   RO         1235    i.HAL_MspInit       stm32f4xx_hal_msp.o
    0x0800153c   0x0000001a   Code   RO         2976    i.HAL_NVIC_EnableIRQ  stm32f4xx_hal_cortex.o
    0x08001556   0x00000002   PAD
    0x08001558   0x00000040   Code   RO         2982    i.HAL_NVIC_SetPriority  stm32f4xx_hal_cortex.o
    0x08001598   0x00000024   Code   RO         2983    i.HAL_NVIC_SetPriorityGrouping  stm32f4xx_hal_cortex.o
    0x080015bc   0x00000134   Code   RO         2233    i.HAL_RCC_ClockConfig  stm32f4xx_hal_rcc.o
    0x080016f0   0x00000020   Code   RO         2240    i.HAL_RCC_GetPCLK1Freq  stm32f4xx_hal_rcc.o
    0x08001710   0x00000020   Code   RO         2241    i.HAL_RCC_GetPCLK2Freq  stm32f4xx_hal_rcc.o
    0x08001730   0x00000064   Code   RO         2242    i.HAL_RCC_GetSysClockFreq  stm32f4xx_hal_rcc.o
    0x08001794   0x0000036c   Code   RO         2245    i.HAL_RCC_OscConfig  stm32f4xx_hal_rcc.o
    0x08001b00   0x00000028   Code   RO         2987    i.HAL_SYSTICK_Config  stm32f4xx_hal_cortex.o
    0x08001b28   0x00000002   Code   RO         1965    i.HAL_TIMEx_BreakCallback  stm32f4xx_hal_tim_ex.o
    0x08001b2a   0x00000002   Code   RO         1966    i.HAL_TIMEx_CommutCallback  stm32f4xx_hal_tim_ex.o
    0x08001b2c   0x00000054   Code   RO         1968    i.HAL_TIMEx_ConfigBreakDeadTime  stm32f4xx_hal_tim_ex.o
    0x08001b80   0x00000090   Code   RO         1984    i.HAL_TIMEx_MasterConfigSynchronization  stm32f4xx_hal_tim_ex.o
    0x08001c10   0x0000005a   Code   RO         1261    i.HAL_TIM_Base_Init  stm32f4xx_hal_tim.o
    0x08001c6a   0x00000002   PAD
    0x08001c6c   0x00000058   Code   RO          963    i.HAL_TIM_Base_MspInit  tim.o
    0x08001cc4   0x00000080   Code   RO         1266    i.HAL_TIM_Base_Start_IT  stm32f4xx_hal_tim.o
    0x08001d44   0x000000dc   Code   RO         1270    i.HAL_TIM_ConfigClockSource  stm32f4xx_hal_tim.o
    0x08001e20   0x000000a4   Code   RO         1282    i.HAL_TIM_Encoder_Init  stm32f4xx_hal_tim.o
    0x08001ec4   0x00000148   Code   RO          965    i.HAL_TIM_Encoder_MspInit  tim.o
    0x0800200c   0x0000008e   Code   RO         1285    i.HAL_TIM_Encoder_Start  stm32f4xx_hal_tim.o
    0x0800209a   0x00000002   Code   RO         1295    i.HAL_TIM_IC_CaptureCallback  stm32f4xx_hal_tim.o
    0x0800209c   0x00000166   Code   RO         1309    i.HAL_TIM_IRQHandler  stm32f4xx_hal_tim.o
    0x08002202   0x00000002   PAD
    0x08002204   0x000000b4   Code   RO          966    i.HAL_TIM_MspPostInit  tim.o
    0x080022b8   0x00000002   Code   RO         1312    i.HAL_TIM_OC_DelayElapsedCallback  stm32f4xx_hal_tim.o
    0x080022ba   0x000000cc   Code   RO         1333    i.HAL_TIM_PWM_ConfigChannel  stm32f4xx_hal_tim.o
    0x08002386   0x0000005a   Code   RO         1336    i.HAL_TIM_PWM_Init  stm32f4xx_hal_tim.o
    0x080023e0   0x00000044   Code   RO          968    i.HAL_TIM_PWM_MspInit  tim.o
    0x08002424   0x00000002   Code   RO         1339    i.HAL_TIM_PWM_PulseFinishedCallback  stm32f4xx_hal_tim.o
    0x08002426   0x00000002   PAD
    0x08002428   0x000000c8   Code   RO         1341    i.HAL_TIM_PWM_Start  stm32f4xx_hal_tim.o
    0x080024f0   0x00000002   Code   RO         1347    i.HAL_TIM_PeriodElapsedCallback  stm32f4xx_hal_tim.o
    0x080024f2   0x00000002   Code   RO         1352    i.HAL_TIM_TriggerCallback  stm32f4xx_hal_tim.o
    0x080024f4   0x00000002   Code   RO         3375    i.HAL_UARTEx_RxEventCallback  stm32f4xx_hal_uart.o
    0x080024f6   0x00000002   Code   RO         3389    i.HAL_UART_ErrorCallback  stm32f4xx_hal_uart.o
    0x080024f8   0x00000268   Code   RO         3392    i.HAL_UART_IRQHandler  stm32f4xx_hal_uart.o
    0x08002760   0x00000062   Code   RO         3393    i.HAL_UART_Init     stm32f4xx_hal_uart.o
    0x080027c2   0x00000002   PAD
    0x080027c4   0x0000013c   Code   RO         1077    i.HAL_UART_MspInit  usart.o
    0x08002900   0x0000002a   Code   RO         3398    i.HAL_UART_Receive_IT  stm32f4xx_hal_uart.o
    0x0800292a   0x00000002   PAD
    0x0800292c   0x00000050   Code   RO          870    i.HAL_UART_RxCpltCallback  main.o
    0x0800297c   0x000000b2   Code   RO         3401    i.HAL_UART_Transmit  stm32f4xx_hal_uart.o
    0x08002a2e   0x00000002   Code   RO         3404    i.HAL_UART_TxCpltCallback  stm32f4xx_hal_uart.o
    0x08002a30   0x00000002   Code   RO         1128    i.HardFault_Handler  stm32f4xx_it.o
    0x08002a32   0x00000002   PAD
    0x08002a34   0x000000e8   Code   RO          620    i.Joint_Clamping    joint.o
    0x08002b1c   0x00000040   Code   RO          621    i.Joint_Init        joint.o
    0x08002b5c   0x00000028   Code   RO          622    i.Joint_Move        joint.o
    0x08002b84   0x0000001c   Code   RO          623    i.Joint_Normal      joint.o
    0x08002ba0   0x00000034   Code   RO          624    i.Joint_Switch_Mode  joint.o
    0x08002bd4   0x00000040   Code   RO          625    i.Joint_Time_Sum    joint.o
    0x08002c14   0x00000020   Code   RO          626    i.Joint_time_Init   joint.o
    0x08002c34   0x0000003c   Code   RO          938    i.MX_DMA_Init       dma.o
    0x08002c70   0x000000f0   Code   RO          914    i.MX_GPIO_Init      gpio.o
    0x08002d60   0x0000006c   Code   RO          969    i.MX_TIM1_Init      tim.o
    0x08002dcc   0x00000068   Code   RO          970    i.MX_TIM2_Init      tim.o
    0x08002e34   0x0000006c   Code   RO          971    i.MX_TIM3_Init      tim.o
    0x08002ea0   0x0000006c   Code   RO          972    i.MX_TIM4_Init      tim.o
    0x08002f0c   0x000000a0   Code   RO          973    i.MX_TIM5_Init      tim.o
    0x08002fac   0x00000044   Code   RO          974    i.MX_TIM7_Init      tim.o
    0x08002ff0   0x000000d0   Code   RO          975    i.MX_TIM8_Init      tim.o
    0x080030c0   0x00000094   Code   RO          976    i.MX_TIM9_Init      tim.o
    0x08003154   0x00000038   Code   RO         1078    i.MX_USART1_UART_Init  usart.o
    0x0800318c   0x00000038   Code   RO         1079    i.MX_USART3_UART_Init  usart.o
    0x080031c4   0x00000002   Code   RO         1129    i.MemManage_Handler  stm32f4xx_it.o
    0x080031c6   0x00000002   PAD
    0x080031c8   0x0000002c   Code   RO          313    i.Moto1_Draw_Back   chassis.o
    0x080031f4   0x0000002c   Code   RO          314    i.Moto1_Go_Forward  chassis.o
    0x08003220   0x00000012   Code   RO          315    i.Moto1_Speed_Output  chassis.o
    0x08003232   0x00000002   PAD
    0x08003234   0x0000002c   Code   RO          316    i.Moto1_Stop        chassis.o
    0x08003260   0x0000002c   Code   RO          317    i.Moto2_Draw_Back   chassis.o
    0x0800328c   0x0000002c   Code   RO          318    i.Moto2_Go_Forward  chassis.o
    0x080032b8   0x00000012   Code   RO          319    i.Moto2_Speed_Output  chassis.o
    0x080032ca   0x00000002   PAD
    0x080032cc   0x0000002c   Code   RO          320    i.Moto2_Stop        chassis.o
    0x080032f8   0x0000002c   Code   RO          321    i.Moto3_Draw_Back   chassis.o
    0x08003324   0x0000002c   Code   RO          322    i.Moto3_Go_Forward  chassis.o
    0x08003350   0x00000012   Code   RO          323    i.Moto3_Speed_Output  chassis.o
    0x08003362   0x00000002   PAD
    0x08003364   0x0000002c   Code   RO          324    i.Moto3_Stop        chassis.o
    0x08003390   0x0000002c   Code   RO          325    i.Moto4_Draw_Back   chassis.o
    0x080033bc   0x0000002c   Code   RO          326    i.Moto4_Go_Forward  chassis.o
    0x080033e8   0x00000012   Code   RO          327    i.Moto4_Speed_Output  chassis.o
    0x080033fa   0x00000002   PAD
    0x080033fc   0x0000002c   Code   RO          328    i.Moto4_Stop        chassis.o
    0x08003428   0x00000124   Code   RO          453    i.Move_Displacement1  settlement.o
    0x0800354c   0x00000124   Code   RO          454    i.Move_Displacement2  settlement.o
    0x08003670   0x00000002   Code   RO         1130    i.NMI_Handler       stm32f4xx_it.o
    0x08003672   0x00000002   Code   RO         1131    i.PendSV_Handler    stm32f4xx_it.o
    0x08003674   0x0000004c   Code   RO          189    i.Read_Encoder_Speed  encoder.o
    0x080036c0   0x0000009c   Code   RO          190    i.Read_Encoder_Sum  encoder.o
    0x0800375c   0x00000060   Code   RO          244    i.Read_GPIO         tracking.o
    0x080037bc   0x0000001e   Code   RO          627    i.Recycling_Line    joint.o
    0x080037da   0x0000001c   Code   RO          628    i.Recycling_rubbish  joint.o
    0x080037f6   0x00000002   PAD
    0x080037f8   0x000000c4   Code   RO          806    i.Room_Search_Mode1  room_search.o
    0x080038bc   0x00000012   Code   RO          807    i.Room_Search_Mode2  room_search.o
    0x080038ce   0x00000002   PAD
    0x080038d0   0x00000040   Code   RO          808    i.Room_Search_Mode_Judge  room_search.o
    0x08003910   0x00000002   Code   RO         1132    i.SVC_Handler       stm32f4xx_it.o
    0x08003912   0x00000002   PAD
    0x08003914   0x00000068   Code   RO           16    i.Search_Room_Reset  communication.o
    0x0800397c   0x00000014   Code   RO          455    i.Settlement_Flag_Init  settlement.o
    0x08003990   0x00000010   Code   RO          456    i.Settlement_Flag_Init2  settlement.o
    0x080039a0   0x00000014   Code   RO          457    i.Settlement_Flag_Init3  settlement.o
    0x080039b4   0x00000004   Code   RO         1133    i.SysTick_Handler   stm32f4xx_it.o
    0x080039b8   0x00000090   Code   RO          871    i.SystemClock_Config  main.o
    0x08003a48   0x00000010   Code   RO         3722    i.SystemInit        system_stm32f4xx.o
    0x08003a58   0x00000070   Code   RO         1134    i.TIM7_IRQHandler   stm32f4xx_it.o
    0x08003ac8   0x000000c8   Code   RO         1354    i.TIM_Base_SetConfig  stm32f4xx_hal_tim.o
    0x08003b90   0x0000001a   Code   RO         1355    i.TIM_CCxChannelCmd  stm32f4xx_hal_tim.o
    0x08003baa   0x00000014   Code   RO         1365    i.TIM_ETR_SetConfig  stm32f4xx_hal_tim.o
    0x08003bbe   0x00000010   Code   RO         1366    i.TIM_ITRx_SetConfig  stm32f4xx_hal_tim.o
    0x08003bce   0x00000002   PAD
    0x08003bd0   0x00000060   Code   RO         1367    i.TIM_OC1_SetConfig  stm32f4xx_hal_tim.o
    0x08003c30   0x0000006c   Code   RO         1368    i.TIM_OC2_SetConfig  stm32f4xx_hal_tim.o
    0x08003c9c   0x00000068   Code   RO         1369    i.TIM_OC3_SetConfig  stm32f4xx_hal_tim.o
    0x08003d04   0x00000050   Code   RO         1370    i.TIM_OC4_SetConfig  stm32f4xx_hal_tim.o
    0x08003d54   0x00000022   Code   RO         1372    i.TIM_TI1_ConfigInputStage  stm32f4xx_hal_tim.o
    0x08003d76   0x00000024   Code   RO         1374    i.TIM_TI2_ConfigInputStage  stm32f4xx_hal_tim.o
    0x08003d9a   0x0000001e   Code   RO          629    i.Throw_rubbish     joint.o
    0x08003db8   0x00000090   Code   RO          245    i.Tracking_Move     tracking.o
    0x08003e48   0x00000080   Code   RO          246    i.Tracking_Switch_Mode  tracking.o
    0x08003ec8   0x000000b4   Code   RO          247    i.Tracking_Switch_Mode2  tracking.o
    0x08003f7c   0x00000058   Code   RO          248    i.Tracking_Switch_Mode3  tracking.o
    0x08003fd4   0x00000034   Code   RO          630    i.Turn_Back         joint.o
    0x08004008   0x000000f8   Code   RO          458    i.Turn_Back_Displacement1  settlement.o
    0x08004100   0x00000130   Code   RO          459    i.Turn_Back_Displacement2  settlement.o
    0x08004230   0x00000124   Code   RO          460    i.Turn_Back_Displacement3  settlement.o
    0x08004354   0x000000f4   Code   RO          461    i.Turn_Back_Displacement4  settlement.o
    0x08004448   0x00000026   Code   RO          809    i.Turn_Back_Mode1   room_search.o
    0x0800446e   0x00000012   Code   RO          810    i.Turn_Back_Mode2   room_search.o
    0x08004480   0x000000c4   Code   RO          811    i.Turn_Back_Mode3   room_search.o
    0x08004544   0x00000010   Code   RO         3406    i.UART_DMAAbortOnError  stm32f4xx_hal_uart.o
    0x08004554   0x0000004e   Code   RO         3416    i.UART_EndRxTransfer  stm32f4xx_hal_uart.o
    0x080045a2   0x000000c0   Code   RO         3418    i.UART_Receive_IT   stm32f4xx_hal_uart.o
    0x08004662   0x00000002   PAD
    0x08004664   0x0000010c   Code   RO         3419    i.UART_SetConfig    stm32f4xx_hal_uart.o
    0x08004770   0x00000036   Code   RO         3421    i.UART_Start_Receive_IT  stm32f4xx_hal_uart.o
    0x080047a6   0x00000078   Code   RO         3422    i.UART_WaitOnFlagUntilTimeout  stm32f4xx_hal_uart.o
    0x0800481e   0x00000002   PAD
    0x08004820   0x00000020   Code   RO         1135    i.USART1_IRQHandler  stm32f4xx_it.o
    0x08004840   0x00000020   Code   RO         1136    i.USART3_IRQHandler  stm32f4xx_it.o
    0x08004860   0x00000002   Code   RO         1137    i.UsageFault_Handler  stm32f4xx_it.o
    0x08004862   0x00000096   Code   RO          717    i.WZPid             pid.o
    0x080048f8   0x0000000e   Code   RO          718    i.WZPid_Init        pid.o
    0x08004906   0x00000020   Code   RO         2989    i.__NVIC_SetPriority  stm32f4xx_hal_cortex.o
    0x08004926   0x00000002   PAD
    0x08004928   0x00000094   Code   RO          872    i.main              main.o
    0x080049bc   0x0000000a   Code   RO         3873    x$fpl$fpinit        fz_wm.l(fpinit.o)
    0x080049c6   0x00000008   Data   RO         2706    .constdata          stm32f4xx_hal_dma.o
    0x080049ce   0x00000010   Data   RO         3723    .constdata          system_stm32f4xx.o
    0x080049de   0x00000008   Data   RO         3724    .constdata          system_stm32f4xx.o
    0x080049e6   0x00000002   PAD
    0x080049e8   0x00000020   Data   RO         3929    Region$$Table       anon$$obj.o


    Execution Region RW_IRAM1 (Base: 0x20000000, Size: 0x00000b90, Max: 0x0001c000, ABSOLUTE)

    Base Addr    Size         Type   Attr      Idx    E Section Name        Object

    0x20000000   0x00000003   Data   RW           17    .data               communication.o
    0x20000003   0x00000003   Data   RW           18    .data               communication.o
    0x20000006   0x00000008   Data   RW           19    .data               communication.o
    0x2000000e   0x00000002   PAD
    0x20000010   0x00000018   Data   RW          250    .data               tracking.o
    0x20000028   0x0000003a   Data   RW          462    .data               settlement.o
    0x20000062   0x00000002   PAD
    0x20000064   0x00000004   Data   RW          632    .data               joint.o
    0x20000068   0x00000004   Data   RW          762    .data               mode.o
    0x2000006c   0x0000000c   Data   RW          813    .data               room_search.o
    0x20000078   0x00000006   Data   RW         1140    .data               stm32f4xx_it.o
    0x2000007e   0x00000002   PAD
    0x20000080   0x0000000c   Data   RW         3133    .data               stm32f4xx_hal.o
    0x2000008c   0x00000004   Data   RW         3725    .data               system_stm32f4xx.o
    0x20000090   0x00000020   Zero   RW          191    .bss                encoder.o
    0x200000b0   0x00000020   Zero   RW          249    .bss                tracking.o
    0x200000d0   0x00000020   Zero   RW          329    .bss                chassis.o
    0x200000f0   0x00000024   Zero   RW          631    .bss                joint.o
    0x20000114   0x00000090   Zero   RW          719    .bss                pid.o
    0x200001a4   0x00000240   Zero   RW          977    .bss                tim.o
    0x200003e4   0x00000148   Zero   RW         1080    .bss                usart.o
    0x2000052c   0x00000060   Zero   RW         3803    .bss                c_w.l(libspace.o)
    0x2000058c   0x00000004   PAD
    0x20000590   0x00000200   Zero   RW            2    HEAP                startup_stm32f407xx.o
    0x20000790   0x00000400   Zero   RW            1    STACK               startup_stm32f407xx.o


    Execution Region RW_IRAM2 (Base: 0x2001c000, Size: 0x00000000, Max: 0x00004000, ABSOLUTE)

    **** No section assigned to this execution region ****


==============================================================================

Image component sizes


      Code (inc. data)   RO Data    RW Data    ZI Data      Debug   Object Name

       676        126          0          0         32      12245   chassis.o
       216         50          0         14          0     693207   communication.o
        60          4          0          0          0        914   dma.o
       360         88          0          0         32       3471   encoder.o
       240         18          0          0          0       1215   gpio.o
       652         78          0          4         36       7314   joint.o
       376         56          0          0          0       3288   main.o
       346         20          0          4          0       3043   mode.o
       308         16          0          0        144       3218   pid.o
       530         20          0         12          0       4504   room_search.o
      3620        236          0         58          0      18144   settlement.o
        64         26        392          0       1536        920   startup_stm32f407xx.o
       144         24          0         12          0       9297   stm32f4xx_hal.o
       198         14          0          0          0      34411   stm32f4xx_hal_cortex.o
       934         16          8          0          0       6143   stm32f4xx_hal_dma.o
       516         46          0          0          0       3155   stm32f4xx_hal_gpio.o
        48          6          0          0          0        982   stm32f4xx_hal_msp.o
      1348         76          0          0          0       5696   stm32f4xx_hal_rcc.o
      2326        136          0          0          0      20779   stm32f4xx_hal_tim.o
       232         28          0          0          0       3653   stm32f4xx_hal_tim_ex.o
      1668         16          0          0          0      12424   stm32f4xx_hal_uart.o
       220         48          0          6          0       8750   stm32f4xx_it.o
        16          4         24          4          0       1335   system_stm32f4xx.o
      1676        156          0          0        576       9747   tim.o
       636         88          0         24         32       4471   tracking.o
       428         46          0          0        328       2925   usart.o

    ----------------------------------------------------------------------
     17884       1442        458        144       2716     875251   Object Totals
         0          0         32          0          0          0   (incl. Generated)
        46          0          2          6          0          0   (incl. Padding)

    ----------------------------------------------------------------------

      Code (inc. data)   RO Data    RW Data    ZI Data      Debug   Library Member Name

         8          0          0          0          0         68   __main.o
         0          0          0          0          0          0   __rtentry.o
        12          0          0          0          0          0   __rtentry2.o
         6          0          0          0          0          0   __rtentry4.o
        52          8          0          0          0          0   __scatter.o
        26          0          0          0          0          0   __scatter_copy.o
        28          0          0          0          0          0   __scatter_zi.o
        18          0          0          0          0         80   exit.o
         6          0          0          0          0        152   heapauxi.o
         0          0          0          0          0          0   indicate_semi.o
         2          0          0          0          0          0   libinit.o
         6          0          0          0          0          0   libinit2.o
         2          0          0          0          0          0   libshutdown.o
         2          0          0          0          0          0   libshutdown2.o
         8          4          0          0         96         68   libspace.o
       238          0          0          0          0        100   lludivv7m.o
        78          0          0          0          0         80   rt_memclr_w.o
         2          0          0          0          0          0   rtexit.o
        10          0          0          0          0          0   rtexit2.o
        12          4          0          0          0         68   sys_exit.o
        74          0          0          0          0         80   sys_stackheap_outer.o
         2          0          0          0          0         68   use_no_semi.o
        10          0          0          0          0        116   fpinit.o

    ----------------------------------------------------------------------
       610         16          0          0        100        880   Library Totals
         8          0          0          0          4          0   (incl. Padding)

    ----------------------------------------------------------------------

      Code (inc. data)   RO Data    RW Data    ZI Data      Debug   Library Name

       592         16          0          0         96        764   c_w.l
        10          0          0          0          0        116   fz_wm.l

    ----------------------------------------------------------------------
       610         16          0          0        100        880   Library Totals

    ----------------------------------------------------------------------

==============================================================================


      Code (inc. data)   RO Data    RW Data    ZI Data      Debug   

     18494       1458        458        144       2816     858771   Grand Totals
     18494       1458        458        144       2816     858771   ELF Image Totals
     18494       1458        458        144          0          0   ROM Totals

==============================================================================

    Total RO  Size (Code + RO Data)                18952 (  18.51kB)
    Total RW  Size (RW Data + ZI Data)              2960 (   2.89kB)
    Total ROM Size (Code + RO Data + RW Data)      19096 (  18.65kB)

==============================================================================

